[2026-10-04 19:15:34] Starting synchronization of peserta_kelas_kuliah to detail_activities...
[2026-10-04 19:15:41] SKIPPED: Student not found for id_registrasi_mahasiswa ee03d25a-de60-40dc-aa6f-6b5e30df83b2 (record id: 019abb40-e1aa-7676-b169-ab2f0e85b243)
[2026-10-04 19:15:41] SKIPPED: Student not found for id_registrasi_mahasiswa ee03d25a-de60-40dc-aa6f-6b5e30df83b2 (record id: 019abb40-e1b3-77f5-b018-29b409f7ccb8)
[2026-10-04 19:15:41] SKIPPED: Student not found for id_registrasi_mahasiswa ee03d25a-de60-40dc-aa6f-6b5e30df83b2 (record id: 019abb40-e1b8-7a61-81e8-9a523ad6b160)
[2026-10-04 19:15:41] SKIPPED: Student not found for id_registrasi_mahasiswa ee03d25a-de60-40dc-aa6f-6b5e30df83b2 (record id: 019abb40-e1bc-75db-b534-d5ab53917fee)
[2026-10-04 19:15:41] SKIPPED: Student not found for id_registrasi_mahasiswa ee03d25a-de60-40dc-aa6f-6b5e30df83b2 (record id: 019abb40-e1bf-74e8-8ff9-28ed4e306e53)
[2026-10-04 19:15:41] SKIPPED: Student not found for id_registrasi_mahasiswa ee03d25a-de60-40dc-aa6f-6b5e30df83b2 (record id: 019abb40-e1c2-7206-b9c5-ab1871a7c2a7)
[2026-10-04 19:15:41] SKIPPED: Student not found for id_registrasi_mahasiswa ee03d25a-de60-40dc-aa6f-6b5e30df83b2 (record id: 019abb40-e1c5-73d0-acdd-c838ea4dd405)
[2026-10-04 19:15:41] SKIPPED: Student not found for id_registrasi_mahasiswa ee03d25a-de60-40dc-aa6f-6b5e30df83b2 (record id: 019abb40-e1cb-7b96-83fb-1c59cec8d17d)
[2026-10-04 19:15:41] SKIPPED: Student not found for id_registrasi_mahasiswa ee03d25a-de60-40dc-aa6f-6b5e30df83b2 (record id: 019abb40-e1d1-77ab-a9f4-6809f580ea95)
[2026-10-04 19:15:41] SKIPPED: Student not found for id_registrasi_mahasiswa ee03d25a-de60-40dc-aa6f-6b5e30df83b2 (record id: 019abb40-e1d3-7d8d-a1a1-0c6d4bafdb44)
[2026-10-04 19:15:41] SKIPPED: Student not found for id_registrasi_mahasiswa ee03d25a-de60-40dc-aa6f-6b5e30df83b2 (record id: 019abb40-e1d6-7fc1-be31-d60dcc384f05)
[2026-10-04 19:15:41] SKIPPED: Student not found for id_registrasi_mahasiswa ee03d25a-de60-40dc-aa6f-6b5e30df83b2 (record id: 019abb40-e1d9-7570-9719-9007314882f0)
[2026-10-04 19:15:41] SKIPPED: Student not found for id_registrasi_mahasiswa ee03d25a-de60-40dc-aa6f-6b5e30df83b2 (record id: 019abb40-e1dc-7453-b53a-9f6bd2e8032f)
[2026-10-04 19:15:41] SKIPPED: Student not found for id_registrasi_mahasiswa ee03d25a-de60-40dc-aa6f-6b5e30df83b2 (record id: 019abb40-e1e0-73c0-be0e-75e9ccdb133a)
[2026-10-04 19:15:41] SKIPPED: Student not found for id_registrasi_mahasiswa ee03d25a-de60-40dc-aa6f-6b5e30df83b2 (record id: 019abb40-e1e3-788c-a466-f4549a808493)
[2026-10-04 19:15:41] SKIPPED: Student not found for id_registrasi_mahasiswa ee03d25a-de60-40dc-aa6f-6b5e30df83b2 (record id: 019abb40-e1e5-7b99-8767-eca21512ea76)
[2026-10-04 19:15:41] SKIPPED: Student not found for id_registrasi_mahasiswa ee03d25a-de60-40dc-aa6f-6b5e30df83b2 (record id: 019abb40-e1e8-759e-8ea7-c86238d6818c)
[2026-10-04 19:15:41] SKIPPED: Student not found for id_registrasi_mahasiswa ee03d25a-de60-40dc-aa6f-6b5e30df83b2 (record id: 019abb40-e1eb-7573-b4d8-7a610b7f57de)
[2026-10-04 19:15:41] SKIPPED: Student not found for id_registrasi_mahasiswa ee03d25a-de60-40dc-aa6f-6b5e30df83b2 (record id: 019abb40-e1ee-7b2d-826a-6428a1acd230)
[2026-10-04 19:15:41] SKIPPED: Student not found for id_registrasi_mahasiswa ee03d25a-de60-40dc-aa6f-6b5e30df83b2 (record id: 019abb40-e1f2-7b2d-8188-ce977164d4e7)
[2026-10-04 19:15:41] SKIPPED: Student not found for id_registrasi_mahasiswa ee03d25a-de60-40dc-aa6f-6b5e30df83b2 (record id: 019abb40-e1f5-7031-8d43-d0117f719b9c)
[2026-10-04 19:15:41] SKIPPED: Student not found for id_registrasi_mahasiswa ee03d25a-de60-40dc-aa6f-6b5e30df83b2 (record id: 019abb40-e205-77f7-b59f-d7d624b14ed3)
[2026-10-04 19:15:41] SKIPPED: Student not found for id_registrasi_mahasiswa ee03d25a-de60-40dc-aa6f-6b5e30df83b2 (record id: 019abb40-e208-7f3c-86b0-c9b63077241c)
[2026-10-04 19:15:41] SKIPPED: Student not found for id_registrasi_mahasiswa ee03d25a-de60-40dc-aa6f-6b5e30df83b2 (record id: 019abb40-e20b-795b-bab2-6c4a81c53954)
[2026-10-04 19:15:41] SKIPPED: Student not found for id_registrasi_mahasiswa ee03d25a-de60-40dc-aa6f-6b5e30df83b2 (record id: 019abb40-e20e-75c3-9b82-8af2b0f199aa)
[2026-10-04 19:15:41] SKIPPED: Student not found for id_registrasi_mahasiswa ee03d25a-de60-40dc-aa6f-6b5e30df83b2 (record id: 019abb40-e212-7447-a423-d496ab70da7d)
[2026-10-04 19:15:41] SKIPPED: Student not found for id_registrasi_mahasiswa ee03d25a-de60-40dc-aa6f-6b5e30df83b2 (record id: 019abb40-e21d-7da2-a718-e06b5fee5c34)
[2026-10-04 19:15:41] SKIPPED: Student not found for id_registrasi_mahasiswa ee03d25a-de60-40dc-aa6f-6b5e30df83b2 (record id: 019abb40-e221-790e-a6ba-1e75bfb64290)
[2026-10-04 19:15:41] SKIPPED: Student not found for id_registrasi_mahasiswa ee03d25a-de60-40dc-aa6f-6b5e30df83b2 (record id: 019abb40-e224-7419-a0f4-372f5bcf5a0c)
[2026-10-04 19:15:41] SKIPPED: Student not found for id_registrasi_mahasiswa ee03d25a-de60-40dc-aa6f-6b5e30df83b2 (record id: 019abb40-e229-77f2-aa08-3c6938026120)
[2026-10-04 19:15:41] SKIPPED: Student not found for id_registrasi_mahasiswa ee03d25a-de60-40dc-aa6f-6b5e30df83b2 (record id: 019abb40-e22c-7383-abb5-e4ee96855a69)
[2026-10-04 19:15:41] SKIPPED: Student not found for id_registrasi_mahasiswa ee03d25a-de60-40dc-aa6f-6b5e30df83b2 (record id: 019abb40-e22f-78e5-b592-c57fb8b5f3cc)
[2026-10-04 19:15:41] SKIPPED: Student not found for id_registrasi_mahasiswa ee03d25a-de60-40dc-aa6f-6b5e30df83b2 (record id: 019abb40-e239-7538-ba36-82891a766ef8)
[2026-10-04 19:15:41] SKIPPED: Student not found for id_registrasi_mahasiswa ee03d25a-de60-40dc-aa6f-6b5e30df83b2 (record id: 019abb40-e23b-7c56-8203-1924a7431e54)
[2026-10-04 19:15:41] SKIPPED: Student not found for id_registrasi_mahasiswa ee03d25a-de60-40dc-aa6f-6b5e30df83b2 (record id: 019abb40-e23e-7cf7-b311-5deaad65546d)
[2026-10-04 19:15:41] SKIPPED: Student not found for id_registrasi_mahasiswa ee03d25a-de60-40dc-aa6f-6b5e30df83b2 (record id: 019abb40-e242-7629-8075-6a7a0db405e7)
[2026-10-04 19:15:41] SKIPPED: Student not found for id_registrasi_mahasiswa ee03d25a-de60-40dc-aa6f-6b5e30df83b2 (record id: 019abb40-e248-7e23-9f67-e42172bcd44f)
[2026-10-04 19:15:41] SKIPPED: Student not found for id_registrasi_mahasiswa ee03d25a-de60-40dc-aa6f-6b5e30df83b2 (record id: 019abb40-e24b-79b6-b841-9e52ffa6c567)
[2026-10-04 19:15:41] SKIPPED: Student not found for id_registrasi_mahasiswa ee03d25a-de60-40dc-aa6f-6b5e30df83b2 (record id: 019abb40-e24e-774e-9e04-3a1aeed4e884)
[2026-10-04 19:15:41] SKIPPED: Student not found for id_registrasi_mahasiswa ee03d25a-de60-40dc-aa6f-6b5e30df83b2 (record id: 019abb40-e251-7a5a-86c8-e99ca6c71795)
[2026-10-04 19:15:41] SKIPPED: Student not found for id_registrasi_mahasiswa ee03d25a-de60-40dc-aa6f-6b5e30df83b2 (record id: 019abb40-e256-7b85-a2b2-8bddea473cb5)
[2026-10-04 19:15:41] SKIPPED: Student not found for id_registrasi_mahasiswa ee03d25a-de60-40dc-aa6f-6b5e30df83b2 (record id: 019abb40-e259-72cb-9590-a9d2c89818bd)
[2026-10-04 19:15:41] SKIPPED: Student not found for id_registrasi_mahasiswa ee03d25a-de60-40dc-aa6f-6b5e30df83b2 (record id: 019abb40-e25e-7f4e-b12f-8e431bbc9fef)
[2026-10-04 19:15:41] SKIPPED: Student not found for id_registrasi_mahasiswa ee03d25a-de60-40dc-aa6f-6b5e30df83b2 (record id: 019abb40-e265-7b31-aaa6-9ca6e57ca81f)
[2026-10-04 19:15:41] SKIPPED: Student not found for id_registrasi_mahasiswa ee03d25a-de60-40dc-aa6f-6b5e30df83b2 (record id: 019abb40-e267-7659-a48e-8f3799a14b6d)
[2026-10-04 19:15:41] SKIPPED: Student not found for id_registrasi_mahasiswa ee03d25a-de60-40dc-aa6f-6b5e30df83b2 (record id: 019abb40-e26a-7229-a197-6213b729a077)
[2026-10-04 19:15:41] SKIPPED: Student not found for id_registrasi_mahasiswa ee03d25a-de60-40dc-aa6f-6b5e30df83b2 (record id: 019abb40-e26f-7b60-86c2-1d30c9b2856c)
[2026-10-04 19:15:41] SKIPPED: Student not found for id_registrasi_mahasiswa ee03d25a-de60-40dc-aa6f-6b5e30df83b2 (record id: 019abb40-e277-7788-8ec3-593804d6a678)
[2026-10-04 19:15:41] SKIPPED: Student not found for id_registrasi_mahasiswa ee03d25a-de60-40dc-aa6f-6b5e30df83b2 (record id: 019abb40-e27a-7817-b144-8d09350812ef)
[2026-10-04 19:15:41] SKIPPED: Student not found for id_registrasi_mahasiswa ee03d25a-de60-40dc-aa6f-6b5e30df83b2 (record id: 019abb40-e27c-7285-8739-b507a4fdd76f)
[2026-10-04 19:15:41] SKIPPED: Student not found for id_registrasi_mahasiswa ee03d25a-de60-40dc-aa6f-6b5e30df83b2 (record id: 019abb40-e27f-7f24-8165-05b5945bbba9)
[2026-10-04 19:15:41] SKIPPED: Student not found for id_registrasi_mahasiswa ee03d25a-de60-40dc-aa6f-6b5e30df83b2 (record id: 019abb40-e282-7951-8997-f0c00d0e6aed)
[2026-10-04 19:15:41] SKIPPED: Student not found for id_registrasi_mahasiswa ee03d25a-de60-40dc-aa6f-6b5e30df83b2 (record id: 019abb40-e286-77ac-bb1e-8f9d949d4d8f)
[2026-10-04 19:15:41] SKIPPED: Student not found for id_registrasi_mahasiswa ee03d25a-de60-40dc-aa6f-6b5e30df83b2 (record id: 019abb40-e289-7d3f-924a-e8e5840bb7ec)
[2026-10-04 19:15:41] SKIPPED: Student not found for id_registrasi_mahasiswa ee03d25a-de60-40dc-aa6f-6b5e30df83b2 (record id: 019abb40-e28b-7769-a0ae-fa5a11c61c5b)
[2026-10-04 19:15:41] SKIPPED: Student not found for id_registrasi_mahasiswa ee03d25a-de60-40dc-aa6f-6b5e30df83b2 (record id: 019abb40-e292-7868-ae72-50cd667851d3)
[2026-10-04 19:15:41] SKIPPED: Student not found for id_registrasi_mahasiswa ee03d25a-de60-40dc-aa6f-6b5e30df83b2 (record id: 019abb40-e299-7419-baec-e16dc227a466)
[2026-10-04 19:15:41] SKIPPED: Student not found for id_registrasi_mahasiswa ee03d25a-de60-40dc-aa6f-6b5e30df83b2 (record id: 019abb40-e2a2-71b3-8d5f-ed6b34f04eb6)
[2026-10-04 19:15:41] SKIPPED: Student not found for id_registrasi_mahasiswa ee03d25a-de60-40dc-aa6f-6b5e30df83b2 (record id: 019abb40-e2a9-7630-97d1-5fdd7843d5b4)
[2026-10-04 19:15:41] SKIPPED: Student not found for id_registrasi_mahasiswa ee03d25a-de60-40dc-aa6f-6b5e30df83b2 (record id: 019abb40-e2ac-76f1-b39d-0a20ec12a35a)
[2026-10-04 19:15:41] SKIPPED: Student not found for id_registrasi_mahasiswa ee03d25a-de60-40dc-aa6f-6b5e30df83b2 (record id: 019abb40-e2af-7326-936e-6b426240ec85)
[2026-10-04 19:15:41] SKIPPED: Student not found for id_registrasi_mahasiswa ee03d25a-de60-40dc-aa6f-6b5e30df83b2 (record id: 019abb40-e2bd-794c-baa9-a0dff4b11f5e)
[2026-10-04 19:16:08] SKIPPED: Student not found for id_registrasi_mahasiswa 60afb7f4-afb1-44af-9289-0ef42651b836 (record id: 019abb41-51ee-7fdc-99c4-277f49dc01a1)
[2026-10-04 19:16:08] SKIPPED: Student not found for id_registrasi_mahasiswa 60afb7f4-afb1-44af-9289-0ef42651b836 (record id: 019abb41-520f-7168-9be1-32c89a5670ca)
[2026-10-04 19:16:08] SKIPPED: Student not found for id_registrasi_mahasiswa 60afb7f4-afb1-44af-9289-0ef42651b836 (record id: 019abb41-521a-79c2-9d7a-a18d6caa07e8)
[2026-10-04 19:16:08] SKIPPED: Student not found for id_registrasi_mahasiswa 60afb7f4-afb1-44af-9289-0ef42651b836 (record id: 019abb41-5225-7733-9c55-f2b4a8d0c748)
[2026-10-04 19:16:08] SKIPPED: Student not found for id_registrasi_mahasiswa 60afb7f4-afb1-44af-9289-0ef42651b836 (record id: 019abb41-5230-71a0-b9cb-d3b72e4508c7)
[2026-10-04 19:16:08] SKIPPED: Student not found for id_registrasi_mahasiswa 60afb7f4-afb1-44af-9289-0ef42651b836 (record id: 019abb41-523b-7e7c-aa45-2ba6c463f352)
[2026-10-04 19:16:08] SKIPPED: Student not found for id_registrasi_mahasiswa 60afb7f4-afb1-44af-9289-0ef42651b836 (record id: 019abb41-5245-74df-b6dd-acaf14236399)
[2026-10-04 19:16:08] SKIPPED: Student not found for id_registrasi_mahasiswa 60afb7f4-afb1-44af-9289-0ef42651b836 (record id: 019abb41-5250-7d8f-98c5-b42ac999636c)
[2026-10-04 19:16:08] SKIPPED: Student not found for id_registrasi_mahasiswa 60afb7f4-afb1-44af-9289-0ef42651b836 (record id: 019abb41-525a-7659-98b5-3267764b802e)
[2026-10-04 19:16:08] SKIPPED: Student not found for id_registrasi_mahasiswa 60afb7f4-afb1-44af-9289-0ef42651b836 (record id: 019abb41-5264-7f51-bb1b-c7c985f918c3)
[2026-10-04 19:16:08] SKIPPED: Student not found for id_registrasi_mahasiswa 60afb7f4-afb1-44af-9289-0ef42651b836 (record id: 019abb41-5278-70f7-a2d7-d8c3bd30edec)
[2026-10-04 19:16:08] SKIPPED: Student not found for id_registrasi_mahasiswa 60afb7f4-afb1-44af-9289-0ef42651b836 (record id: 019abb41-5283-7a38-83f7-c0827c63a43c)
[2026-10-04 19:16:08] SKIPPED: Student not found for id_registrasi_mahasiswa 60afb7f4-afb1-44af-9289-0ef42651b836 (record id: 019abb41-5299-78e6-801e-85da75328272)
[2026-10-04 19:16:08] SKIPPED: Student not found for id_registrasi_mahasiswa 60afb7f4-afb1-44af-9289-0ef42651b836 (record id: 019abb41-52a5-7270-b00a-3b497087a44f)
[2026-10-04 19:16:08] SKIPPED: Student not found for id_registrasi_mahasiswa 60afb7f4-afb1-44af-9289-0ef42651b836 (record id: 019abb41-533c-70fd-ac17-260ca7b9df75)
[2026-10-04 19:16:08] SKIPPED: Student not found for id_registrasi_mahasiswa 60afb7f4-afb1-44af-9289-0ef42651b836 (record id: 019abb41-534f-7732-99c5-65ec5bba9df4)
[2026-10-04 19:16:08] SKIPPED: Student not found for id_registrasi_mahasiswa 60afb7f4-afb1-44af-9289-0ef42651b836 (record id: 019abb41-536a-7255-be5f-db10dff2ab5c)
[2026-10-04 19:16:08] SKIPPED: Student not found for id_registrasi_mahasiswa 60afb7f4-afb1-44af-9289-0ef42651b836 (record id: 019abb41-5390-7323-bd63-0d1cb1bab522)
[2026-10-04 19:16:41] SKIPPED: Student activity not found for student_id 2750ce89-f6da-4e2e-bc37-42e41e11f949 and unit_activity_id 019b6a3a-2774-7b05-aeaf-fceedcff11a3 (record id: 019abb42-1b5a-7ae4-863c-63c522930f30)
[2026-10-04 19:16:41] SKIPPED: Student activity not found for student_id 2750ce89-f6da-4e2e-bc37-42e41e11f949 and unit_activity_id 019b6a3a-2774-7b05-aeaf-fceedcff11a3 (record id: 019abb42-1b68-767d-a1cb-10ad2100443f)
[2026-10-04 19:16:41] SKIPPED: Student activity not found for student_id 2750ce89-f6da-4e2e-bc37-42e41e11f949 and unit_activity_id 019b6a3a-275d-7b5c-9060-87eae7fb19b1 (record id: 019abb42-1b77-7f2f-99a0-29430e8098f1)
[2026-10-04 19:16:41] SKIPPED: Student activity not found for student_id 2750ce89-f6da-4e2e-bc37-42e41e11f949 and unit_activity_id 019b6a3a-275d-7b5c-9060-87eae7fb19b1 (record id: 019abb42-1b86-7158-8020-187904a0f449)
[2026-10-04 19:16:41] SKIPPED: Student activity not found for student_id 2750ce89-f6da-4e2e-bc37-42e41e11f949 and unit_activity_id 019b6a3a-2774-7b05-aeaf-fceedcff11a3 (record id: 019abb42-1b94-73d0-be6f-2393b9051c2b)
[2026-10-04 19:16:41] SKIPPED: Student activity not found for student_id 2750ce89-f6da-4e2e-bc37-42e41e11f949 and unit_activity_id 019b6a3a-275d-7b5c-9060-87eae7fb19b1 (record id: 019abb42-1ba2-79cd-b0f6-e0d2145f96c1)
[2026-10-04 19:16:41] SKIPPED: Student activity not found for student_id 2750ce89-f6da-4e2e-bc37-42e41e11f949 and unit_activity_id 019b6a3a-2774-7b05-aeaf-fceedcff11a3 (record id: 019abb42-1baf-7420-a014-621e24c6a4ef)
[2026-10-04 19:16:41] SKIPPED: Student activity not found for student_id 2750ce89-f6da-4e2e-bc37-42e41e11f949 and unit_activity_id 019b6a3a-2774-7b05-aeaf-fceedcff11a3 (record id: 019abb42-1bbc-7e92-a18d-bb78ce6920ea)
[2026-10-04 19:16:41] SKIPPED: Student activity not found for student_id 2750ce89-f6da-4e2e-bc37-42e41e11f949 and unit_activity_id 019b6a3a-275d-7b5c-9060-87eae7fb19b1 (record id: 019abb42-1bca-799f-8252-61296ac060ec)
[2026-10-04 19:16:41] SKIPPED: Student activity not found for student_id 2750ce89-f6da-4e2e-bc37-42e41e11f949 and unit_activity_id 019b6a3a-2774-7b05-aeaf-fceedcff11a3 (record id: 019abb42-1bd8-7e63-84ef-81397ceb91f0)
[2026-10-04 19:16:41] SKIPPED: Student activity not found for student_id 2750ce89-f6da-4e2e-bc37-42e41e11f949 and unit_activity_id 019b6a3a-2774-7b05-aeaf-fceedcff11a3 (record id: 019abb42-1be6-7b12-86f9-ed2b4e15879c)
[2026-10-04 19:16:41] SKIPPED: Student activity not found for student_id 2750ce89-f6da-4e2e-bc37-42e41e11f949 and unit_activity_id 019b6a3a-275d-7b5c-9060-87eae7fb19b1 (record id: 019abb42-1bf3-75ba-a41d-15ff59d488fa)
[2026-10-04 19:16:41] SKIPPED: Student activity not found for student_id 2750ce89-f6da-4e2e-bc37-42e41e11f949 and unit_activity_id 019b6a3a-2774-7b05-aeaf-fceedcff11a3 (record id: 019abb42-1c01-72b8-83f4-74c503d24afc)
[2026-10-04 19:16:41] SKIPPED: Student activity not found for student_id 2750ce89-f6da-4e2e-bc37-42e41e11f949 and unit_activity_id 019b6a3a-275d-7b5c-9060-87eae7fb19b1 (record id: 019abb42-1c10-78e4-8798-e50477d99880)
[2026-10-04 19:16:41] SKIPPED: Student activity not found for student_id 2750ce89-f6da-4e2e-bc37-42e41e11f949 and unit_activity_id 019b6a3a-2774-7b05-aeaf-fceedcff11a3 (record id: 019abb42-1c1d-7120-b1bb-4ac321cd682c)
[2026-10-04 19:16:41] SKIPPED: Student activity not found for student_id 2750ce89-f6da-4e2e-bc37-42e41e11f949 and unit_activity_id 019b6a3a-275d-7b5c-9060-87eae7fb19b1 (record id: 019abb42-1c2a-7443-a22b-6e1d51cd7c13)
[2026-10-04 19:16:41] SKIPPED: Student activity not found for student_id 2750ce89-f6da-4e2e-bc37-42e41e11f949 and unit_activity_id 019b6a3a-2727-75a8-a671-c87765d8bdf6 (record id: 019abb42-1c38-79ed-a379-95f59a9057bb)
[2026-10-04 19:16:41] SKIPPED: Student activity not found for student_id 2750ce89-f6da-4e2e-bc37-42e41e11f949 and unit_activity_id 019b6a3a-2727-75a8-a671-c87765d8bdf6 (record id: 019abb42-1c44-7ffb-b1fb-87b2545641c6)
[2026-10-04 19:16:41] SKIPPED: Student activity not found for student_id 2750ce89-f6da-4e2e-bc37-42e41e11f949 and unit_activity_id 019b6a3a-2727-75a8-a671-c87765d8bdf6 (record id: 019abb42-1c52-77ac-a6c2-41df05fbc6bc)
[2026-10-04 19:16:41] SKIPPED: Student activity not found for student_id 2750ce89-f6da-4e2e-bc37-42e41e11f949 and unit_activity_id 019b6a3a-2727-75a8-a671-c87765d8bdf6 (record id: 019abb42-1c5f-76e6-9798-3d6c06a81386)
[2026-10-04 19:16:41] SKIPPED: Student activity not found for student_id 2750ce89-f6da-4e2e-bc37-42e41e11f949 and unit_activity_id 019b6a3a-2727-75a8-a671-c87765d8bdf6 (record id: 019abb42-1c6c-7a60-8570-0abdb194335b)
[2026-10-04 19:16:41] SKIPPED: Student activity not found for student_id 2750ce89-f6da-4e2e-bc37-42e41e11f949 and unit_activity_id 019b6a3a-2727-75a8-a671-c87765d8bdf6 (record id: 019abb42-1c78-79d7-ad41-f344b09233c1)
[2026-10-04 19:16:41] SKIPPED: Student activity not found for student_id 2750ce89-f6da-4e2e-bc37-42e41e11f949 and unit_activity_id 019b6a3a-2727-75a8-a671-c87765d8bdf6 (record id: 019abb42-1c86-7be3-afcd-e724c31fce30)
[2026-10-04 19:16:41] SKIPPED: Student activity not found for student_id 2750ce89-f6da-4e2e-bc37-42e41e11f949 and unit_activity_id 019b6a3a-2727-75a8-a671-c87765d8bdf6 (record id: 019abb42-1c94-78aa-93ea-e8b9758f466f)
[2026-10-04 19:16:41] SKIPPED: Student activity not found for student_id 2750ce89-f6da-4e2e-bc37-42e41e11f949 and unit_activity_id 019b6a3a-2727-75a8-a671-c87765d8bdf6 (record id: 019abb42-1ca1-7707-8eb7-a57f4fe51e7d)
[2026-10-04 19:16:41] SKIPPED: Student activity not found for student_id 2750ce89-f6da-4e2e-bc37-42e41e11f949 and unit_activity_id 019b6a3a-2727-75a8-a671-c87765d8bdf6 (record id: 019abb42-1cb1-7550-91b7-48caf81ed741)
[2026-10-04 19:16:41] SKIPPED: Student activity not found for student_id 2750ce89-f6da-4e2e-bc37-42e41e11f949 and unit_activity_id 019b6a3a-275d-7b5c-9060-87eae7fb19b1 (record id: 019abb42-1cbf-7ca2-a976-4ec3f9725e49)
[2026-10-04 19:17:38] Summary: inserted: 17, updated: 29827, skipped: 107, errors: 0
