[DUPLICATE_LECTURER] Record 019ab92b-f58d-750e-b152-6cce5fc4c728: id_dosen df38244f-79e6-43aa-afba-02743000b4f7 has 2 rows, selecting primary lecturer id 9b6225ab-83a5-44a7-8b62-4498fb787df6
[DUPLICATE_LECTURER] Record 019ab92b-f590-7232-96d7-446f2750e76d: id_dosen df38244f-79e6-43aa-afba-02743000b4f7 has 2 rows, selecting primary lecturer id 9b6225ab-83a5-44a7-8b62-4498fb787df6
[DUPLICATE_LECTURER] Record 019ab92b-f595-7496-9d3a-14297f2135b8: id_dosen df38244f-79e6-43aa-afba-02743000b4f7 has 2 rows, selecting primary lecturer id 9b6225ab-83a5-44a7-8b62-4498fb787df6
[DUPLICATE_LECTURER] Record 019ab92b-f598-736e-a7e8-a574632f47a0: id_dosen df38244f-79e6-43aa-afba-02743000b4f7 has 2 rows, selecting primary lecturer id 9b6225ab-83a5-44a7-8b62-4498fb787df6
[DUPLICATE_LECTURER] Record 019ab92b-f59b-754a-a843-b305f3ad42ad: id_dosen df38244f-79e6-43aa-afba-02743000b4f7 has 2 rows, selecting primary lecturer id 9b6225ab-83a5-44a7-8b62-4498fb787df6
[DUPLICATE_LECTURER] Record 019ab92b-f59d-7da8-a7f9-b421db47b06e: id_dosen df38244f-79e6-43aa-afba-02743000b4f7 has 2 rows, selecting primary lecturer id 9b6225ab-83a5-44a7-8b62-4498fb787df6
[DUPLICATE_LECTURER] Record 019ab92b-f5a0-7130-b60d-40463152a607: id_dosen df38244f-79e6-43aa-afba-02743000b4f7 has 2 rows, selecting primary lecturer id 9b6225ab-83a5-44a7-8b62-4498fb787df6
[DUPLICATE_LECTURER] Record 019ab92b-f5a4-7b15-abf4-dc4910dcc600: id_dosen df38244f-79e6-43aa-afba-02743000b4f7 has 2 rows, selecting primary lecturer id 9b6225ab-83a5-44a7-8b62-4498fb787df6
[DUPLICATE_LECTURER] Record 019ab92b-f5a7-744a-a79a-20f894047709: id_dosen df38244f-79e6-43aa-afba-02743000b4f7 has 2 rows, selecting primary lecturer id 9b6225ab-83a5-44a7-8b62-4498fb787df6
[DUPLICATE_LECTURER] Record 019ab92b-f5ab-7923-8d09-130310ba85ec: id_dosen df38244f-79e6-43aa-afba-02743000b4f7 has 2 rows, selecting primary lecturer id 9b6225ab-83a5-44a7-8b62-4498fb787df6
[DUPLICATE_LECTURER] Record 019ab92b-f879-7be6-8dca-30b81c02f21c: id_dosen d628b09e-cd09-40bf-9048-557035f8746e has 2 rows, selecting primary lecturer id 5966b3c1-1170-4127-93c1-da1e48340887
[DUPLICATE_LECTURER] Record 019ab92b-f87c-78cc-add4-2647bbd8d07d: id_dosen d628b09e-cd09-40bf-9048-557035f8746e has 2 rows, selecting primary lecturer id 5966b3c1-1170-4127-93c1-da1e48340887
[DUPLICATE_LECTURER] Record 019ab92b-f87f-7403-b7e6-e9bf5124bae1: id_dosen d628b09e-cd09-40bf-9048-557035f8746e has 2 rows, selecting primary lecturer id 5966b3c1-1170-4127-93c1-da1e48340887
[DUPLICATE_LECTURER] Record 019ab92b-f882-7c7c-a630-e13c206b4947: id_dosen d628b09e-cd09-40bf-9048-557035f8746e has 2 rows, selecting primary lecturer id 5966b3c1-1170-4127-93c1-da1e48340887
[DUPLICATE_LECTURER] Record 019ab92b-f886-7565-83da-766fa0daa27a: id_dosen d628b09e-cd09-40bf-9048-557035f8746e has 2 rows, selecting primary lecturer id 5966b3c1-1170-4127-93c1-da1e48340887
[DUPLICATE_LECTURER] Record 019ab92b-f889-7f4b-bb9d-96d24f07a32c: id_dosen d628b09e-cd09-40bf-9048-557035f8746e has 2 rows, selecting primary lecturer id 5966b3c1-1170-4127-93c1-da1e48340887
[DUPLICATE_LECTURER] Record 019ab92b-f88c-7f4f-85bd-c501feb27f51: id_dosen d628b09e-cd09-40bf-9048-557035f8746e has 2 rows, selecting primary lecturer id 5966b3c1-1170-4127-93c1-da1e48340887
[DUPLICATE_LECTURER] Record 019ab92b-f88f-7e2f-bbf5-2d18902a024e: id_dosen d628b09e-cd09-40bf-9048-557035f8746e has 2 rows, selecting primary lecturer id 5966b3c1-1170-4127-93c1-da1e48340887
[DUPLICATE_LECTURER] Record 019ab92b-f892-78ff-a0fd-f340bd03ffc4: id_dosen d628b09e-cd09-40bf-9048-557035f8746e has 2 rows, selecting primary lecturer id 5966b3c1-1170-4127-93c1-da1e48340887
[DUPLICATE_LECTURER] Record 019ab92b-f895-7086-be36-b5bf75d39c2a: id_dosen d628b09e-cd09-40bf-9048-557035f8746e has 2 rows, selecting primary lecturer id 5966b3c1-1170-4127-93c1-da1e48340887
[DUPLICATE_LECTURER] Record 019ab92b-f898-797c-a68e-55f59a6a15d3: id_dosen d628b09e-cd09-40bf-9048-557035f8746e has 2 rows, selecting primary lecturer id 5966b3c1-1170-4127-93c1-da1e48340887
[DUPLICATE_LECTURER] Record 019ab92b-f89b-76b2-9876-3ed35a257d21: id_dosen d628b09e-cd09-40bf-9048-557035f8746e has 2 rows, selecting primary lecturer id 5966b3c1-1170-4127-93c1-da1e48340887
[DUPLICATE_LECTURER] Record 019ab92b-f89e-7489-9636-b0835cd95743: id_dosen d628b09e-cd09-40bf-9048-557035f8746e has 2 rows, selecting primary lecturer id 5966b3c1-1170-4127-93c1-da1e48340887
[DUPLICATE_LECTURER] Record 019ab92b-f8a2-751f-b401-61d33143c211: id_dosen d628b09e-cd09-40bf-9048-557035f8746e has 2 rows, selecting primary lecturer id 5966b3c1-1170-4127-93c1-da1e48340887
[DUPLICATE_LECTURER] Record 019ab92b-f8a6-752a-8e10-61568f10feb5: id_dosen d628b09e-cd09-40bf-9048-557035f8746e has 2 rows, selecting primary lecturer id 5966b3c1-1170-4127-93c1-da1e48340887
[DUPLICATE_LECTURER] Record 019ab92b-f8a9-794e-8640-8f2947ff074d: id_dosen d628b09e-cd09-40bf-9048-557035f8746e has 2 rows, selecting primary lecturer id 5966b3c1-1170-4127-93c1-da1e48340887
[DUPLICATE_LECTURER] Record 019ab92b-f8ad-7284-92c8-3b582a55e7ea: id_dosen d628b09e-cd09-40bf-9048-557035f8746e has 2 rows, selecting primary lecturer id 5966b3c1-1170-4127-93c1-da1e48340887
[DUPLICATE_LECTURER] Record 019ab92b-f8b0-75d7-8c2a-beddaa446788: id_dosen d628b09e-cd09-40bf-9048-557035f8746e has 2 rows, selecting primary lecturer id 5966b3c1-1170-4127-93c1-da1e48340887
[DUPLICATE_LECTURER] Record 019ab92b-f9d3-7179-9dc2-cf1d9673a4d0: id_dosen 63e71b27-de0d-40d6-9252-6422c4cd01de has 2 rows, selecting primary lecturer id 47c21f91-ce49-4378-985a-18068bf1f26f
[DUPLICATE_LECTURER] Record 019ab92b-f9d8-7b41-a9be-4578e90d3f39: id_dosen 63e71b27-de0d-40d6-9252-6422c4cd01de has 2 rows, selecting primary lecturer id 47c21f91-ce49-4378-985a-18068bf1f26f
[DUPLICATE_LECTURER] Record 019ab92b-f9de-7711-9ed1-b6b8c6ed4f37: id_dosen 63e71b27-de0d-40d6-9252-6422c4cd01de has 2 rows, selecting primary lecturer id 47c21f91-ce49-4378-985a-18068bf1f26f
[DUPLICATE_LECTURER] Record 019ab92b-f9e4-7b44-a396-f3d9fea28473: id_dosen 63e71b27-de0d-40d6-9252-6422c4cd01de has 2 rows, selecting primary lecturer id 47c21f91-ce49-4378-985a-18068bf1f26f
[DUPLICATE_LECTURER] Record 019ab92b-f9e9-72aa-8cce-c630f222b904: id_dosen 63e71b27-de0d-40d6-9252-6422c4cd01de has 2 rows, selecting primary lecturer id 47c21f91-ce49-4378-985a-18068bf1f26f
[DUPLICATE_LECTURER] Record 019ab92b-f9ec-7ca7-898b-ecedefa35b5d: id_dosen b4fa48a3-6b95-4e54-a011-a27fa5fe5a5c has 2 rows, selecting primary lecturer id 5a8f0a90-f2ec-40ba-b02c-96795ed468ed
[DUPLICATE_LECTURER] Record 019ab92b-f9ef-7558-a41f-88168106e4bd: id_dosen 63e71b27-de0d-40d6-9252-6422c4cd01de has 2 rows, selecting primary lecturer id 47c21f91-ce49-4378-985a-18068bf1f26f
[DUPLICATE_LECTURER] Record 019ab92b-f9f3-76d7-b123-c9ddbe0ac542: id_dosen b4fa48a3-6b95-4e54-a011-a27fa5fe5a5c has 2 rows, selecting primary lecturer id 5a8f0a90-f2ec-40ba-b02c-96795ed468ed
[DUPLICATE_LECTURER] Record 019ab92b-f9f6-7a25-80a7-992d0bc207d2: id_dosen 63e71b27-de0d-40d6-9252-6422c4cd01de has 2 rows, selecting primary lecturer id 47c21f91-ce49-4378-985a-18068bf1f26f
[DUPLICATE_LECTURER] Record 019ab92b-f9f8-7fac-be91-a5bbedd176f3: id_dosen b4fa48a3-6b95-4e54-a011-a27fa5fe5a5c has 2 rows, selecting primary lecturer id 5a8f0a90-f2ec-40ba-b02c-96795ed468ed
[DUPLICATE_LECTURER] Record 019ab92b-f9fb-77de-bf57-fc3ab81e068d: id_dosen 63e71b27-de0d-40d6-9252-6422c4cd01de has 2 rows, selecting primary lecturer id 47c21f91-ce49-4378-985a-18068bf1f26f
[DUPLICATE_LECTURER] Record 019ab92b-f9fe-711b-b135-2a059067a0f5: id_dosen b4fa48a3-6b95-4e54-a011-a27fa5fe5a5c has 2 rows, selecting primary lecturer id 5a8f0a90-f2ec-40ba-b02c-96795ed468ed
[DUPLICATE_LECTURER] Record 019ab92b-fa02-7b2d-a7bc-048d06345092: id_dosen 63e71b27-de0d-40d6-9252-6422c4cd01de has 2 rows, selecting primary lecturer id 47c21f91-ce49-4378-985a-18068bf1f26f
[DUPLICATE_LECTURER] Record 019ab92b-fa05-7b3f-aa29-9e2604df3127: id_dosen b4fa48a3-6b95-4e54-a011-a27fa5fe5a5c has 2 rows, selecting primary lecturer id 5a8f0a90-f2ec-40ba-b02c-96795ed468ed
[DUPLICATE_LECTURER] Record 019ab92b-fa08-76f7-b863-c52d66a2ff18: id_dosen 63e71b27-de0d-40d6-9252-6422c4cd01de has 2 rows, selecting primary lecturer id 47c21f91-ce49-4378-985a-18068bf1f26f
[DUPLICATE_LECTURER] Record 019ab92b-fa0b-727d-9ec3-d2c30a829667: id_dosen b4fa48a3-6b95-4e54-a011-a27fa5fe5a5c has 2 rows, selecting primary lecturer id 5a8f0a90-f2ec-40ba-b02c-96795ed468ed
[DUPLICATE_LECTURER] Record 019ab92b-fa0e-755c-95b1-905b0fd695e3: id_dosen 63e71b27-de0d-40d6-9252-6422c4cd01de has 2 rows, selecting primary lecturer id 47c21f91-ce49-4378-985a-18068bf1f26f
[DUPLICATE_LECTURER] Record 019ab92b-fa11-70ce-ab17-5ba7a3cbd00b: id_dosen b4fa48a3-6b95-4e54-a011-a27fa5fe5a5c has 2 rows, selecting primary lecturer id 5a8f0a90-f2ec-40ba-b02c-96795ed468ed
[DUPLICATE_LECTURER] Record 019ab92b-fa14-7543-99d9-94f026d6272b: id_dosen 63e71b27-de0d-40d6-9252-6422c4cd01de has 2 rows, selecting primary lecturer id 47c21f91-ce49-4378-985a-18068bf1f26f
[DUPLICATE_LECTURER] Record 019ab92b-fa17-760c-a188-c711cc2c817d: id_dosen b4fa48a3-6b95-4e54-a011-a27fa5fe5a5c has 2 rows, selecting primary lecturer id 5a8f0a90-f2ec-40ba-b02c-96795ed468ed
[DUPLICATE_LECTURER] Record 019ab92b-fa1a-7d21-957e-dcbd52e73be5: id_dosen 63e71b27-de0d-40d6-9252-6422c4cd01de has 2 rows, selecting primary lecturer id 47c21f91-ce49-4378-985a-18068bf1f26f
[DUPLICATE_LECTURER] Record 019ab92b-fa1d-7b68-ad74-83e3c6bc6129: id_dosen b4fa48a3-6b95-4e54-a011-a27fa5fe5a5c has 2 rows, selecting primary lecturer id 5a8f0a90-f2ec-40ba-b02c-96795ed468ed
[DUPLICATE_LECTURER] Record 019ab92b-fa24-7ed8-9697-175a94c1975a: id_dosen b4fa48a3-6b95-4e54-a011-a27fa5fe5a5c has 2 rows, selecting primary lecturer id 5a8f0a90-f2ec-40ba-b02c-96795ed468ed
[DUPLICATE_LECTURER] Record 019ab92b-fade-749e-8196-1ee2ab52024a: id_dosen b4fa48a3-6b95-4e54-a011-a27fa5fe5a5c has 2 rows, selecting primary lecturer id 5a8f0a90-f2ec-40ba-b02c-96795ed468ed
[DUPLICATE_LECTURER] Record 019ab92b-fae3-7985-b0f5-156ee5f2814c: id_dosen b4fa48a3-6b95-4e54-a011-a27fa5fe5a5c has 2 rows, selecting primary lecturer id 5a8f0a90-f2ec-40ba-b02c-96795ed468ed
[DUPLICATE_LECTURER] Record 019ab92b-fae8-74ca-885b-0182daa5fdc7: id_dosen b4fa48a3-6b95-4e54-a011-a27fa5fe5a5c has 2 rows, selecting primary lecturer id 5a8f0a90-f2ec-40ba-b02c-96795ed468ed
[DUPLICATE_LECTURER] Record 019ab92b-faef-7b64-90d1-8dfa29e36ec3: id_dosen b4fa48a3-6b95-4e54-a011-a27fa5fe5a5c has 2 rows, selecting primary lecturer id 5a8f0a90-f2ec-40ba-b02c-96795ed468ed
[DUPLICATE_LECTURER] Record 019ab92b-faf5-7bfd-868a-e633ae3d9fd7: id_dosen b4fa48a3-6b95-4e54-a011-a27fa5fe5a5c has 2 rows, selecting primary lecturer id 5a8f0a90-f2ec-40ba-b02c-96795ed468ed
[DUPLICATE_LECTURER] Record 019ab92b-fafb-7e25-8d9b-9c64ba5115eb: id_dosen b4fa48a3-6b95-4e54-a011-a27fa5fe5a5c has 2 rows, selecting primary lecturer id 5a8f0a90-f2ec-40ba-b02c-96795ed468ed
[DUPLICATE_LECTURER] Record 019ab92b-fb01-7fee-8d4c-dd68fee0971d: id_dosen b4fa48a3-6b95-4e54-a011-a27fa5fe5a5c has 2 rows, selecting primary lecturer id 5a8f0a90-f2ec-40ba-b02c-96795ed468ed
[DUPLICATE_LECTURER] Record 019ab92c-027f-78a7-a60d-19d88addf1cd: id_dosen 79a1440d-87aa-4667-b0b2-9e84039b9031 has 2 rows, selecting primary lecturer id a6771a3d-eba9-4ae5-9c7b-2004df52c5ea
[DUPLICATE_LECTURER] Record 019ab92c-0282-7f35-b6f1-9f8aebc1fb6f: id_dosen 79a1440d-87aa-4667-b0b2-9e84039b9031 has 2 rows, selecting primary lecturer id a6771a3d-eba9-4ae5-9c7b-2004df52c5ea
[DUPLICATE_LECTURER] Record 019ab92c-0285-7c77-9713-66fdec8d771b: id_dosen 79a1440d-87aa-4667-b0b2-9e84039b9031 has 2 rows, selecting primary lecturer id a6771a3d-eba9-4ae5-9c7b-2004df52c5ea
[DUPLICATE_LECTURER] Record 019ab92c-0289-7f1a-8ec8-ef2299f5f8cc: id_dosen 79a1440d-87aa-4667-b0b2-9e84039b9031 has 2 rows, selecting primary lecturer id a6771a3d-eba9-4ae5-9c7b-2004df52c5ea
[DUPLICATE_LECTURER] Record 019ab92c-028c-7e82-9f3f-b8e25d560f96: id_dosen 79a1440d-87aa-4667-b0b2-9e84039b9031 has 2 rows, selecting primary lecturer id a6771a3d-eba9-4ae5-9c7b-2004df52c5ea
[DUPLICATE_LECTURER] Record 019ab92c-028f-70ce-a30a-5a7fe23c6df2: id_dosen 79a1440d-87aa-4667-b0b2-9e84039b9031 has 2 rows, selecting primary lecturer id a6771a3d-eba9-4ae5-9c7b-2004df52c5ea
[DUPLICATE_LECTURER] Record 019ab92c-0292-76d3-98ef-e58f0e92b403: id_dosen 79a1440d-87aa-4667-b0b2-9e84039b9031 has 2 rows, selecting primary lecturer id a6771a3d-eba9-4ae5-9c7b-2004df52c5ea
[DUPLICATE_LECTURER] Record 019ab92c-0295-7b35-a681-094119bdc956: id_dosen 79a1440d-87aa-4667-b0b2-9e84039b9031 has 2 rows, selecting primary lecturer id a6771a3d-eba9-4ae5-9c7b-2004df52c5ea
[DUPLICATE_LECTURER] Record 019ab92c-0298-7fc8-b33d-72682408ff6f: id_dosen 79a1440d-87aa-4667-b0b2-9e84039b9031 has 2 rows, selecting primary lecturer id a6771a3d-eba9-4ae5-9c7b-2004df52c5ea
[DUPLICATE_LECTURER] Record 019ab92c-029c-7b21-bd1f-d4563e07fdf2: id_dosen 79a1440d-87aa-4667-b0b2-9e84039b9031 has 2 rows, selecting primary lecturer id a6771a3d-eba9-4ae5-9c7b-2004df52c5ea
[DUPLICATE_LECTURER] Record 019ab92c-029e-7f0f-84e6-843b61d8660e: id_dosen 79a1440d-87aa-4667-b0b2-9e84039b9031 has 2 rows, selecting primary lecturer id a6771a3d-eba9-4ae5-9c7b-2004df52c5ea
[DUPLICATE_LECTURER] Record 019ab92c-02a1-7f36-afe8-362873e662b9: id_dosen 79a1440d-87aa-4667-b0b2-9e84039b9031 has 2 rows, selecting primary lecturer id a6771a3d-eba9-4ae5-9c7b-2004df52c5ea
[DUPLICATE_LECTURER] Record 019ab92c-02a4-7db4-a54c-e084b9a1f8d9: id_dosen 79a1440d-87aa-4667-b0b2-9e84039b9031 has 2 rows, selecting primary lecturer id a6771a3d-eba9-4ae5-9c7b-2004df52c5ea
[DUPLICATE_LECTURER] Record 019ab92c-02ab-7ca8-9cb3-5b07b371ec4c: id_dosen 79a1440d-87aa-4667-b0b2-9e84039b9031 has 2 rows, selecting primary lecturer id a6771a3d-eba9-4ae5-9c7b-2004df52c5ea
[DUPLICATE_LECTURER] Record 019ab92c-02ae-7341-996b-53ede556ff76: id_dosen 79a1440d-87aa-4667-b0b2-9e84039b9031 has 2 rows, selecting primary lecturer id a6771a3d-eba9-4ae5-9c7b-2004df52c5ea
[DUPLICATE_LECTURER] Record 019ab92c-02b1-70b6-8ad0-24afc43acfe5: id_dosen 79a1440d-87aa-4667-b0b2-9e84039b9031 has 2 rows, selecting primary lecturer id a6771a3d-eba9-4ae5-9c7b-2004df52c5ea
[DUPLICATE_LECTURER] Record 019ab92c-02b3-75cd-afdc-33414b5d503b: id_dosen 79a1440d-87aa-4667-b0b2-9e84039b9031 has 2 rows, selecting primary lecturer id a6771a3d-eba9-4ae5-9c7b-2004df52c5ea
[DUPLICATE_LECTURER] Record 019ab92c-058c-74b3-ac3c-b9172b3f2a0c: id_dosen ebab98a8-ebc0-4db3-ae9b-8347126b9e9f has 2 rows, selecting primary lecturer id 9b6225a8-258c-46a7-8292-6b7f718c4f9d
[DUPLICATE_LECTURER] Record 019ab92c-058f-74cb-b4cb-f851b67d8632: id_dosen ebab98a8-ebc0-4db3-ae9b-8347126b9e9f has 2 rows, selecting primary lecturer id 9b6225a8-258c-46a7-8292-6b7f718c4f9d
[DUPLICATE_LECTURER] Record 019ab92c-0592-7bcd-a5ed-b69d8a61be92: id_dosen ebab98a8-ebc0-4db3-ae9b-8347126b9e9f has 2 rows, selecting primary lecturer id 9b6225a8-258c-46a7-8292-6b7f718c4f9d
[DUPLICATE_LECTURER] Record 019c3473-f952-7cc4-b189-7d2d2088c658: id_dosen b4fa48a3-6b95-4e54-a011-a27fa5fe5a5c has 2 rows, selecting primary lecturer id 5a8f0a90-f2ec-40ba-b02c-96795ed468ed
[DUPLICATE_LECTURER] Record 019cd00d-55ea-743b-9d19-54eee6be75f8: id_dosen df38244f-79e6-43aa-afba-02743000b4f7 has 2 rows, selecting primary lecturer id 9b6225ab-83a5-44a7-8b62-4498fb787df6
[DUPLICATE_LECTURER] Record 019cd00d-5610-7cc5-9cbb-5185710b2b43: id_dosen df38244f-79e6-43aa-afba-02743000b4f7 has 2 rows, selecting primary lecturer id 9b6225ab-83a5-44a7-8b62-4498fb787df6
[DUPLICATE_LECTURER] Record 019ff5f7-1cf1-7fea-8638-f6479ce4c44a: id_dosen df38244f-79e6-43aa-afba-02743000b4f7 has 2 rows, selecting primary lecturer id 9b6225ab-83a5-44a7-8b62-4498fb787df6
[DUPLICATE_LECTURER] Record 019ff5f7-2e06-7dfc-a595-19d208a285d2: id_dosen df38244f-79e6-43aa-afba-02743000b4f7 has 2 rows, selecting primary lecturer id 9b6225ab-83a5-44a7-8b62-4498fb787df6
[DUPLICATE_LECTURER] Record 019ff5f7-691d-73ca-a70c-9f9cc1462554: id_dosen b4fa48a3-6b95-4e54-a011-a27fa5fe5a5c has 2 rows, selecting primary lecturer id 5a8f0a90-f2ec-40ba-b02c-96795ed468ed
[DUPLICATE_LECTURER] Record 019ff5f7-692e-7565-ac23-6161f21d6fc4: id_dosen b4fa48a3-6b95-4e54-a011-a27fa5fe5a5c has 2 rows, selecting primary lecturer id 5a8f0a90-f2ec-40ba-b02c-96795ed468ed
[DUPLICATE_LECTURER] Record 019ff5f7-6941-7eec-8970-8dc668f77130: id_dosen b4fa48a3-6b95-4e54-a011-a27fa5fe5a5c has 2 rows, selecting primary lecturer id 5a8f0a90-f2ec-40ba-b02c-96795ed468ed
[DUPLICATE_LECTURER] Record 019ff5f7-69fc-7f66-89fa-7db8e5cf87c8: id_dosen b4fa48a3-6b95-4e54-a011-a27fa5fe5a5c has 2 rows, selecting primary lecturer id 5a8f0a90-f2ec-40ba-b02c-96795ed468ed
[DUPLICATE_LECTURER] Record 019ff5f7-6a29-763d-8910-737dbbdc35b1: id_dosen b4fa48a3-6b95-4e54-a011-a27fa5fe5a5c has 2 rows, selecting primary lecturer id 5a8f0a90-f2ec-40ba-b02c-96795ed468ed
[DUPLICATE_LECTURER] Record 4140fa65-9189-4d15-9896-09dfd25b4818: id_dosen df38244f-79e6-43aa-afba-02743000b4f7 has 2 rows, selecting primary lecturer id 9b6225ab-83a5-44a7-8b62-4498fb787df6
