[2026-10-04 18:26:44] Starting synchronization of kartu_rencana_studi_mahasiswa to detail_activities...
[2026-10-04 18:37:46] SKIPPED: Unit activity not found for unit_id ffff2431-b451-4829-8e60-8091298cdae0 and academic_year_id ef21fb01-960a-43eb-b07a-cb178c2efccf (record id: 019ab937-f9f2-799b-8be4-5248b950413d)
[2026-10-04 18:37:47] SKIPPED: Unit activity not found for unit_id ffff2431-b451-4829-8e60-8091298cdae0 and academic_year_id ef21fb01-960a-43eb-b07a-cb178c2efccf (record id: 019ab937-f9fb-72a1-a0e0-4c79ea0bf531)
[2026-10-04 18:37:47] SKIPPED: Unit activity not found for unit_id ffff2431-b451-4829-8e60-8091298cdae0 and academic_year_id ef21fb01-960a-43eb-b07a-cb178c2efccf (record id: 019ab937-fa0c-7f38-a889-4c94c0765d97)
[2026-10-04 18:37:48] SKIPPED: Unit activity not found for unit_id ffff2431-b451-4829-8e60-8091298cdae0 and academic_year_id ef21fb01-960a-43eb-b07a-cb178c2efccf (record id: 019ab937-fa1c-7d49-be33-8a1c7f48fe63)
[2026-10-04 18:37:48] SKIPPED: Unit activity not found for unit_id ffff2431-b451-4829-8e60-8091298cdae0 and academic_year_id ef21fb01-960a-43eb-b07a-cb178c2efccf (record id: 019ab937-fa2e-72c2-8d64-ee68821439c4)
[2026-10-04 18:37:48] SKIPPED: Unit activity not found for unit_id ffff2431-b451-4829-8e60-8091298cdae0 and academic_year_id ef21fb01-960a-43eb-b07a-cb178c2efccf (record id: 019ab937-fa36-7638-a789-495bc98f5aa7)
[2026-10-04 18:37:48] SKIPPED: Unit activity not found for unit_id ffff2431-b451-4829-8e60-8091298cdae0 and academic_year_id ef21fb01-960a-43eb-b07a-cb178c2efccf (record id: 019ab937-fa3f-78cd-9b07-245cd640d715)
[2026-10-04 18:37:49] SKIPPED: Unit activity not found for unit_id ffff2431-b451-4829-8e60-8091298cdae0 and academic_year_id ef21fb01-960a-43eb-b07a-cb178c2efccf (record id: 019ab937-fa47-78b0-995c-325b12e3346e)
[2026-10-04 18:37:50] SKIPPED: Unit activity not found for unit_id ffff2431-b451-4829-8e60-8091298cdae0 and academic_year_id ef21fb01-960a-43eb-b07a-cb178c2efccf (record id: 019ab937-fa72-7848-9dec-ec2bbbc0bf88)
[2026-10-04 18:38:01] SKIPPED: Unit activity not found for unit_id ffff2431-b451-4829-8e60-8091298cdae0 and academic_year_id ef21fb01-960a-43eb-b07a-cb178c2efccf (record id: 019ab937-fb71-78ec-b8b9-e6aec7245d7b)
[2026-10-04 18:38:02] SKIPPED: Unit activity not found for unit_id ffff2431-b451-4829-8e60-8091298cdae0 and academic_year_id ef21fb01-960a-43eb-b07a-cb178c2efccf (record id: 019ab937-fb89-75d0-a331-e98f3071fafc)
[2026-10-04 18:38:03] SKIPPED: Unit activity not found for unit_id ffff2431-b451-4829-8e60-8091298cdae0 and academic_year_id ef21fb01-960a-43eb-b07a-cb178c2efccf (record id: 019ab937-fbb3-7efe-a9c0-2246d0f75b18)
[2026-10-04 18:39:07] SKIPPED: Missing id_prodi for record id: 019ab937-ffb4-7818-9427-3385aaae1388
[2026-10-04 18:39:08] SKIPPED: Missing id_prodi for record id: 019ab937-ffcb-714d-a36a-03e346e2d7ca
[2026-10-04 18:39:10] SKIPPED: Missing id_prodi for record id: 019ab937-fff1-76c1-89d0-79d27765c96a
[2026-10-04 18:39:12] SKIPPED: Missing id_prodi for record id: 019ab938-000c-7a8c-af7b-aaec1b8b3a67
[2026-10-04 18:39:16] SKIPPED: Missing id_prodi for record id: 019ab938-0035-7930-a55b-f7f2b118ccd5
[2026-10-04 18:39:17] SKIPPED: Missing id_prodi for record id: 019ab938-003d-7d05-abef-9d46d978fc3a
[2026-10-04 18:39:22] SKIPPED: Missing id_prodi for record id: 019ab938-006a-743d-a64c-d304c1e05a0f
[2026-10-04 18:39:22] SKIPPED: Missing id_prodi for record id: 019ab938-0073-7ec7-8ad0-3d703fad024f
[2026-10-04 18:39:25] SKIPPED: Missing id_prodi for record id: 019ab938-0099-7079-bf6a-5e28ccf52776
[2026-10-04 18:46:09] SKIPPED: Unit activity not found for unit_id ffff2431-b451-4829-8e60-8091298cdae0 and academic_year_id 6d03bd17-d3b5-4241-bd1b-e47034687837 (record id: 019ab938-1e8f-779c-bdb5-aa12b64b39b8)
[2026-10-04 18:46:11] SKIPPED: Unit activity not found for unit_id ffff2431-b451-4829-8e60-8091298cdae0 and academic_year_id 6d03bd17-d3b5-4241-bd1b-e47034687837 (record id: 019ab938-1eb8-7d2b-be61-cc1c2802a47e)
[2026-10-04 18:46:17] SKIPPED: Unit activity not found for unit_id ffff2431-b451-4829-8e60-8091298cdae0 and academic_year_id 6d03bd17-d3b5-4241-bd1b-e47034687837 (record id: 019ab938-1f61-7625-af16-26f83142a2cb)
[2026-10-04 18:46:18] SKIPPED: Unit activity not found for unit_id ffff2431-b451-4829-8e60-8091298cdae0 and academic_year_id 6d03bd17-d3b5-4241-bd1b-e47034687837 (record id: 019ab938-1f69-745d-b730-d6c1f4a33efd)
[2026-10-04 18:46:18] SKIPPED: Unit activity not found for unit_id ffff2431-b451-4829-8e60-8091298cdae0 and academic_year_id 6d03bd17-d3b5-4241-bd1b-e47034687837 (record id: 019ab938-1f72-7c0d-98af-4f3cbed21a0a)
[2026-10-04 18:46:19] SKIPPED: Unit activity not found for unit_id ffff2431-b451-4829-8e60-8091298cdae0 and academic_year_id 6d03bd17-d3b5-4241-bd1b-e47034687837 (record id: 019ab938-1f93-706d-a5d6-899747176d12)
[2026-10-04 18:46:20] SKIPPED: Unit activity not found for unit_id ffff2431-b451-4829-8e60-8091298cdae0 and academic_year_id 6d03bd17-d3b5-4241-bd1b-e47034687837 (record id: 019ab938-1fb4-7095-abfa-ca964c9d32b1)
[2026-10-04 18:46:20] SKIPPED: Unit activity not found for unit_id ffff2431-b451-4829-8e60-8091298cdae0 and academic_year_id 6d03bd17-d3b5-4241-bd1b-e47034687837 (record id: 019ab938-1fc2-77ff-8378-30471a6b3c8a)
[2026-10-04 18:46:21] SKIPPED: Unit activity not found for unit_id ffff2431-b451-4829-8e60-8091298cdae0 and academic_year_id 6d03bd17-d3b5-4241-bd1b-e47034687837 (record id: 019ab938-1fca-7164-b8c8-59ece3abe69b)
[2026-10-04 18:46:23] SKIPPED: Unit activity not found for unit_id ffff2431-b451-4829-8e60-8091298cdae0 and academic_year_id 6d03bd17-d3b5-4241-bd1b-e47034687837 (record id: 019ab938-201a-70ce-8663-2d242e703385)
[2026-10-04 18:46:26] SKIPPED: Unit activity not found for unit_id ffff2431-b451-4829-8e60-8091298cdae0 and academic_year_id 6d03bd17-d3b5-4241-bd1b-e47034687837 (record id: 019ab938-2062-7e08-a839-e7ce28f65ff8)
[2026-10-04 18:46:30] SKIPPED: Unit activity not found for unit_id ffff2431-b451-4829-8e60-8091298cdae0 and academic_year_id 6d03bd17-d3b5-4241-bd1b-e47034687837 (record id: 019ab938-20cc-794e-94ae-5f207c5c2d14)
[2026-10-04 18:46:36] SKIPPED: Unit activity not found for unit_id ffff2431-b451-4829-8e60-8091298cdae0 and academic_year_id 6d03bd17-d3b5-4241-bd1b-e47034687837 (record id: 019ab938-2181-72ed-a045-c88c299ad3a2)
[2026-10-04 18:46:48] SKIPPED: Unit activity not found for unit_id ffff2431-b451-4829-8e60-8091298cdae0 and academic_year_id 6d03bd17-d3b5-4241-bd1b-e47034687837 (record id: 019ab938-2229-728f-9536-e1b63e0a7976)
[2026-10-04 18:48:36] SKIPPED: Student not found for id_registrasi_mahasiswa 60afb7f4-afb1-44af-9289-0ef42651b836 (record id: 019ab938-2b6a-7840-a601-2267e21e7414)
[2026-10-04 18:48:36] SKIPPED: Student not found for id_registrasi_mahasiswa 60afb7f4-afb1-44af-9289-0ef42651b836 (record id: 019ab938-2b72-7a6e-b2eb-66d1cff7b1e2)
[2026-10-04 18:48:36] SKIPPED: Student not found for id_registrasi_mahasiswa 60afb7f4-afb1-44af-9289-0ef42651b836 (record id: 019ab938-2b7a-721c-9973-b8c887255ad0)
[2026-10-04 18:48:36] SKIPPED: Student not found for id_registrasi_mahasiswa 60afb7f4-afb1-44af-9289-0ef42651b836 (record id: 019ab938-2b82-7398-9ebc-cfe24b7b4105)
[2026-10-04 18:48:36] SKIPPED: Student not found for id_registrasi_mahasiswa 60afb7f4-afb1-44af-9289-0ef42651b836 (record id: 019ab938-2b8e-7702-813c-9ee25a998ecf)
[2026-10-04 18:48:37] SKIPPED: Student not found for id_registrasi_mahasiswa 60afb7f4-afb1-44af-9289-0ef42651b836 (record id: 019ab938-2b96-7b6b-a58b-dcc86f3a9066)
[2026-10-04 18:48:37] SKIPPED: Student not found for id_registrasi_mahasiswa 60afb7f4-afb1-44af-9289-0ef42651b836 (record id: 019ab938-2b9e-7e3a-b966-4ac314d4fc52)
[2026-10-04 18:48:37] SKIPPED: Student not found for id_registrasi_mahasiswa 60afb7f4-afb1-44af-9289-0ef42651b836 (record id: 019ab938-2ba6-7b7f-895b-1aa618cdf1dc)
[2026-10-04 18:48:37] SKIPPED: Missing id_prodi for record id: 019ab938-2baf-717f-833f-bf32fee9583e
[2026-10-04 18:48:37] SKIPPED: Student not found for id_registrasi_mahasiswa 60afb7f4-afb1-44af-9289-0ef42651b836 (record id: 019ab938-2bb7-704d-9dfc-aa5ee0edbc30)
[2026-10-04 18:48:37] SKIPPED: Missing id_prodi for record id: 019ab938-2bc0-77db-bddb-f420595fd00c
[2026-10-04 18:48:38] SKIPPED: Missing id_prodi for record id: 019ab938-2bc8-7e4e-a92d-f7b3ad49ed60
[2026-10-04 18:48:38] SKIPPED: Missing id_prodi for record id: 019ab938-2bd0-7613-b558-e4429156cb4f
[2026-10-04 18:48:38] SKIPPED: Missing id_prodi for record id: 019ab938-2bd9-7c9b-9115-299525f881ea
[2026-10-04 18:48:38] SKIPPED: Missing id_prodi for record id: 019ab938-2be1-759f-8d15-4c70ba30396e
[2026-10-04 18:48:38] SKIPPED: Missing id_prodi for record id: 019ab938-2be9-7db3-af47-1577746fa8ad
[2026-10-04 18:48:38] SKIPPED: Missing id_prodi for record id: 019ab938-2bf1-764f-abbd-fe4bb7d2703f
[2026-10-04 18:48:39] SKIPPED: Missing id_prodi for record id: 019ab938-2bf9-7d3a-a757-d8473a5c89a6
[2026-10-04 18:50:05] SKIPPED: Student not found for id_registrasi_mahasiswa ee03d25a-de60-40dc-aa6f-6b5e30df83b2 (record id: 019ab938-3595-703b-8d0b-53a69fa8ec3a)
[2026-10-04 18:50:06] SKIPPED: Student not found for id_registrasi_mahasiswa ee03d25a-de60-40dc-aa6f-6b5e30df83b2 (record id: 019ab938-35a0-7323-b1ee-8c11c032308c)
[2026-10-04 18:50:06] SKIPPED: Student not found for id_registrasi_mahasiswa ee03d25a-de60-40dc-aa6f-6b5e30df83b2 (record id: 019ab938-35a8-7dd4-ae6e-3ba7fc6ff1f9)
[2026-10-04 18:50:06] SKIPPED: Student not found for id_registrasi_mahasiswa ee03d25a-de60-40dc-aa6f-6b5e30df83b2 (record id: 019ab938-35b3-7d8c-a680-239c55c67235)
[2026-10-04 18:50:06] SKIPPED: Student not found for id_registrasi_mahasiswa ee03d25a-de60-40dc-aa6f-6b5e30df83b2 (record id: 019ab938-35bc-713f-9c40-57046d281d04)
[2026-10-04 18:53:01] SKIPPED: Student not found for id_registrasi_mahasiswa ee03d25a-de60-40dc-aa6f-6b5e30df83b2 (record id: 019ab938-41be-7ba9-99b1-6c6bbed8c038)
[2026-10-04 18:53:01] SKIPPED: Student not found for id_registrasi_mahasiswa ee03d25a-de60-40dc-aa6f-6b5e30df83b2 (record id: 019ab938-41c9-7229-a9d4-9f4b3a71dc9c)
[2026-10-04 18:53:01] SKIPPED: Student not found for id_registrasi_mahasiswa ee03d25a-de60-40dc-aa6f-6b5e30df83b2 (record id: 019ab938-41d2-7852-967f-63cdf23af00c)
[2026-10-04 18:53:02] SKIPPED: Student not found for id_registrasi_mahasiswa ee03d25a-de60-40dc-aa6f-6b5e30df83b2 (record id: 019ab938-41dc-7894-9750-301318bf761a)
[2026-10-04 18:53:02] SKIPPED: Student not found for id_registrasi_mahasiswa ee03d25a-de60-40dc-aa6f-6b5e30df83b2 (record id: 019ab938-41e6-783f-a29e-944fb17a9f60)
[2026-10-04 18:53:02] SKIPPED: Student not found for id_registrasi_mahasiswa ee03d25a-de60-40dc-aa6f-6b5e30df83b2 (record id: 019ab938-41f0-70fe-a61d-5f3a0d678ecb)
[2026-10-04 18:53:03] SKIPPED: Student not found for id_registrasi_mahasiswa ee03d25a-de60-40dc-aa6f-6b5e30df83b2 (record id: 019ab938-41fa-7ce9-9c4f-633de4a297ac)
[2026-10-04 18:53:03] SKIPPED: Student not found for id_registrasi_mahasiswa ee03d25a-de60-40dc-aa6f-6b5e30df83b2 (record id: 019ab938-4204-7bab-b075-3e768d1f9d91)
[2026-10-04 18:53:03] SKIPPED: Student not found for id_registrasi_mahasiswa ee03d25a-de60-40dc-aa6f-6b5e30df83b2 (record id: 019ab938-420f-785c-8fff-1c2de5abc101)
[2026-10-04 18:53:04] SKIPPED: Student not found for id_registrasi_mahasiswa ee03d25a-de60-40dc-aa6f-6b5e30df83b2 (record id: 019ab938-4218-76e6-9ad3-3728a2bdb433)
[2026-10-04 18:53:04] SKIPPED: Student not found for id_registrasi_mahasiswa ee03d25a-de60-40dc-aa6f-6b5e30df83b2 (record id: 019ab938-4222-719d-adf1-118f2f405eb1)
[2026-10-04 18:53:04] SKIPPED: Student not found for id_registrasi_mahasiswa ee03d25a-de60-40dc-aa6f-6b5e30df83b2 (record id: 019ab938-422d-7438-a24d-75938f6a6fd2)
[2026-10-04 18:53:04] SKIPPED: Student not found for id_registrasi_mahasiswa ee03d25a-de60-40dc-aa6f-6b5e30df83b2 (record id: 019ab938-4237-7ed7-843a-6e827f0aadff)
[2026-10-04 18:53:05] SKIPPED: Student not found for id_registrasi_mahasiswa ee03d25a-de60-40dc-aa6f-6b5e30df83b2 (record id: 019ab938-4241-7f7f-a8f2-4e974c3cf44a)
[2026-10-04 18:53:05] SKIPPED: Student not found for id_registrasi_mahasiswa ee03d25a-de60-40dc-aa6f-6b5e30df83b2 (record id: 019ab938-424b-732d-b993-6831f995f84a)
[2026-10-04 18:53:05] SKIPPED: Student not found for id_registrasi_mahasiswa ee03d25a-de60-40dc-aa6f-6b5e30df83b2 (record id: 019ab938-4256-737f-bfe0-8dfa485f9e15)
[2026-10-04 18:53:05] SKIPPED: Student not found for id_registrasi_mahasiswa ee03d25a-de60-40dc-aa6f-6b5e30df83b2 (record id: 019ab938-4260-7132-944f-caaa2fbe48f1)
[2026-10-04 18:53:06] SKIPPED: Student not found for id_registrasi_mahasiswa ee03d25a-de60-40dc-aa6f-6b5e30df83b2 (record id: 019ab938-426a-767c-956e-b44f77278295)
[2026-10-04 18:53:06] SKIPPED: Student not found for id_registrasi_mahasiswa ee03d25a-de60-40dc-aa6f-6b5e30df83b2 (record id: 019ab938-4275-7452-b74d-584eb5e52994)
[2026-10-04 18:53:06] SKIPPED: Student not found for id_registrasi_mahasiswa ee03d25a-de60-40dc-aa6f-6b5e30df83b2 (record id: 019ab938-427f-7b92-a0cf-031a7bdf2d6f)
[2026-10-04 18:53:07] SKIPPED: Student not found for id_registrasi_mahasiswa ee03d25a-de60-40dc-aa6f-6b5e30df83b2 (record id: 019ab938-4289-79e5-981c-63b1ca4e6730)
[2026-10-04 18:53:07] SKIPPED: Student not found for id_registrasi_mahasiswa ee03d25a-de60-40dc-aa6f-6b5e30df83b2 (record id: 019ab938-4295-7b4e-b199-031ababb7730)
[2026-10-04 18:53:07] SKIPPED: Student not found for id_registrasi_mahasiswa ee03d25a-de60-40dc-aa6f-6b5e30df83b2 (record id: 019ab938-429f-7bf3-b9a3-b17b4247b83c)
[2026-10-04 18:53:07] SKIPPED: Student not found for id_registrasi_mahasiswa ee03d25a-de60-40dc-aa6f-6b5e30df83b2 (record id: 019ab938-42a9-7b64-9da9-fbbfe40ff7a8)
[2026-10-04 18:53:07] SKIPPED: Student not found for id_registrasi_mahasiswa ee03d25a-de60-40dc-aa6f-6b5e30df83b2 (record id: 019ab938-42b3-7187-894b-dfca3c1dbc28)
[2026-10-04 18:53:08] SKIPPED: Student not found for id_registrasi_mahasiswa ee03d25a-de60-40dc-aa6f-6b5e30df83b2 (record id: 019ab938-42bd-77ed-9f03-db72ac81aa84)
[2026-10-04 18:53:08] SKIPPED: Student not found for id_registrasi_mahasiswa ee03d25a-de60-40dc-aa6f-6b5e30df83b2 (record id: 019ab938-42c8-78c8-9706-70066df92ac9)
[2026-10-04 18:53:09] SKIPPED: Student not found for id_registrasi_mahasiswa ee03d25a-de60-40dc-aa6f-6b5e30df83b2 (record id: 019ab938-42d1-7dc0-8889-970fc99b2563)
[2026-10-04 18:53:09] SKIPPED: Student not found for id_registrasi_mahasiswa ee03d25a-de60-40dc-aa6f-6b5e30df83b2 (record id: 019ab938-42db-713d-8dec-9edaaa0ad62f)
[2026-10-04 18:53:10] SKIPPED: Student not found for id_registrasi_mahasiswa ee03d25a-de60-40dc-aa6f-6b5e30df83b2 (record id: 019ab938-42e6-7a3e-a375-68ce75961374)
[2026-10-04 18:53:10] SKIPPED: Student not found for id_registrasi_mahasiswa ee03d25a-de60-40dc-aa6f-6b5e30df83b2 (record id: 019ab938-42ef-7de8-b76b-bb92a040f815)
[2026-10-04 18:53:10] SKIPPED: Student not found for id_registrasi_mahasiswa ee03d25a-de60-40dc-aa6f-6b5e30df83b2 (record id: 019ab938-42f9-7c13-9add-eac06cd2c7db)
[2026-10-04 18:53:10] SKIPPED: Student not found for id_registrasi_mahasiswa ee03d25a-de60-40dc-aa6f-6b5e30df83b2 (record id: 019ab938-4303-70d0-a305-d97440cb1d10)
[2026-10-04 18:53:11] SKIPPED: Student not found for id_registrasi_mahasiswa ee03d25a-de60-40dc-aa6f-6b5e30df83b2 (record id: 019ab938-430d-7e87-b456-697997cf651a)
[2026-10-04 18:53:11] SKIPPED: Student not found for id_registrasi_mahasiswa ee03d25a-de60-40dc-aa6f-6b5e30df83b2 (record id: 019ab938-4318-700b-a77e-0f40d7c45dd3)
[2026-10-04 18:53:11] SKIPPED: Student not found for id_registrasi_mahasiswa ee03d25a-de60-40dc-aa6f-6b5e30df83b2 (record id: 019ab938-4321-7d86-b2ac-ac064e06c139)
[2026-10-04 18:53:11] SKIPPED: Student not found for id_registrasi_mahasiswa ee03d25a-de60-40dc-aa6f-6b5e30df83b2 (record id: 019ab938-432c-7534-ac67-645924ea8da7)
[2026-10-04 18:53:12] SKIPPED: Student not found for id_registrasi_mahasiswa ee03d25a-de60-40dc-aa6f-6b5e30df83b2 (record id: 019ab938-4341-7412-958b-72c14a28df01)
[2026-10-04 18:53:12] SKIPPED: Student not found for id_registrasi_mahasiswa ee03d25a-de60-40dc-aa6f-6b5e30df83b2 (record id: 019ab938-434c-76a0-80c2-07a28707ed4e)
[2026-10-04 18:53:12] SKIPPED: Student not found for id_registrasi_mahasiswa ee03d25a-de60-40dc-aa6f-6b5e30df83b2 (record id: 019ab938-4356-7134-991a-4a21476d274e)
[2026-10-04 18:53:13] SKIPPED: Student not found for id_registrasi_mahasiswa ee03d25a-de60-40dc-aa6f-6b5e30df83b2 (record id: 019ab938-4361-7b62-a686-97fa31880c70)
[2026-10-04 18:53:13] SKIPPED: Student not found for id_registrasi_mahasiswa ee03d25a-de60-40dc-aa6f-6b5e30df83b2 (record id: 019ab938-436b-71fe-9075-490182628817)
[2026-10-04 18:53:13] SKIPPED: Student not found for id_registrasi_mahasiswa ee03d25a-de60-40dc-aa6f-6b5e30df83b2 (record id: 019ab938-4375-79aa-a715-471261990f2d)
[2026-10-04 18:53:14] SKIPPED: Student not found for id_registrasi_mahasiswa ee03d25a-de60-40dc-aa6f-6b5e30df83b2 (record id: 019ab938-4380-7e37-a253-0a77e827406d)
[2026-10-04 18:53:14] SKIPPED: Student not found for id_registrasi_mahasiswa ee03d25a-de60-40dc-aa6f-6b5e30df83b2 (record id: 019ab938-4389-74e6-8132-2df7f4ed753e)
[2026-10-04 18:53:14] SKIPPED: Student not found for id_registrasi_mahasiswa ee03d25a-de60-40dc-aa6f-6b5e30df83b2 (record id: 019ab938-4394-7e86-9e16-559b0fb87fe8)
[2026-10-04 18:53:14] SKIPPED: Student not found for id_registrasi_mahasiswa ee03d25a-de60-40dc-aa6f-6b5e30df83b2 (record id: 019ab938-439e-7561-b8ad-6b13adbe5185)
[2026-10-04 18:53:15] SKIPPED: Student not found for id_registrasi_mahasiswa ee03d25a-de60-40dc-aa6f-6b5e30df83b2 (record id: 019ab938-43a7-742e-8905-20003675a97f)
[2026-10-04 18:53:15] SKIPPED: Student not found for id_registrasi_mahasiswa ee03d25a-de60-40dc-aa6f-6b5e30df83b2 (record id: 019ab938-43b3-7a10-ab86-dc632696e889)
[2026-10-04 18:53:15] SKIPPED: Student not found for id_registrasi_mahasiswa ee03d25a-de60-40dc-aa6f-6b5e30df83b2 (record id: 019ab938-43be-78f3-88d1-17d68e97c887)
[2026-10-04 18:53:15] SKIPPED: Student not found for id_registrasi_mahasiswa ee03d25a-de60-40dc-aa6f-6b5e30df83b2 (record id: 019ab938-43c8-7cd3-8ca3-bdfc92cc7fb1)
[2026-10-04 18:53:16] SKIPPED: Student not found for id_registrasi_mahasiswa ee03d25a-de60-40dc-aa6f-6b5e30df83b2 (record id: 019ab938-43d3-71d9-ba13-7be7647398d2)
[2026-10-04 18:53:16] SKIPPED: Student not found for id_registrasi_mahasiswa ee03d25a-de60-40dc-aa6f-6b5e30df83b2 (record id: 019ab938-43de-7981-882f-1e775f5b6fd8)
[2026-10-04 18:53:16] SKIPPED: Student not found for id_registrasi_mahasiswa ee03d25a-de60-40dc-aa6f-6b5e30df83b2 (record id: 019ab938-43e8-70f4-b464-fe1ced087b88)
[2026-10-04 18:53:17] SKIPPED: Student not found for id_registrasi_mahasiswa ee03d25a-de60-40dc-aa6f-6b5e30df83b2 (record id: 019ab938-43f4-7ba3-9ae4-504707726673)
