[2026-10-04 18:24:46] Starting synchronization of komponen_evaluasi_kelas to teach_evaluations...
[2026-10-04 18:24:46] SKIPPED: Teach class not found for feeder id fb29fc1f-cb2f-4312-aa1e-213d50df1426 (record id: 019ab939-b8bc-7eea-a9d2-7b362cbef563)
[2026-10-04 18:24:47] SKIPPED: Teach class not found for feeder id 040e7c52-0072-4817-8a2f-3dc52635c1af (record id: 019ab939-bad0-7d6c-a598-507acfbf0d64)
[2026-10-04 18:24:47] SKIPPED: Teach class not found for feeder id 6adef5d6-b25b-4be7-a948-269bedea9b3f (record id: 019ab939-bb02-7de9-bc47-14625137c372)
[2026-10-04 18:24:47] SKIPPED: Teach class not found for feeder id ce3d87dd-7d69-4ac3-9a83-7f28584fb80a (record id: 019ab939-bb1e-7d79-b08e-ed6ecb516b3a)
[2026-10-04 18:24:47] SKIPPED: Teach class not found for feeder id ff8186e3-b49a-4db8-ad88-204ed2e8bf79 (record id: 019ab939-bccc-7f60-b5d2-87acb4852b85)
[2026-10-04 18:24:47] SKIPPED: Teach class not found for feeder id 9e4911a1-100d-47cb-9810-512bbf0cc226 (record id: 019ab939-beeb-7e4c-bbb0-d634a9addba4)
[2026-10-04 18:24:47] SKIPPED: Teach class not found for feeder id 63565710-fc59-4a7b-b5fc-17bf17d42df2 (record id: 019ab939-bf0a-79ce-b983-01f7458e907e)
[2026-10-04 18:24:47] SKIPPED: Teach class not found for feeder id ff8186e3-b49a-4db8-ad88-204ed2e8bf79 (record id: 019ab939-c05e-7834-9867-13f4d1bea24a)
[2026-10-04 18:24:48] SKIPPED: Teach class not found for feeder id ce3d87dd-7d69-4ac3-9a83-7f28584fb80a (record id: 019ab939-c38e-7bfa-804c-df22dd6257bf)
[2026-10-04 18:24:48] SKIPPED: Teach class not found for feeder id 6adef5d6-b25b-4be7-a948-269bedea9b3f (record id: 019ab939-c40b-715a-8882-0e68349d079d)
[2026-10-04 18:24:48] SKIPPED: Teach class not found for feeder id 040e7c52-0072-4817-8a2f-3dc52635c1af (record id: 019ab939-c51e-77cd-9373-845e0472fff0)
[2026-10-04 18:24:48] SKIPPED: Teach class not found for feeder id 9e4911a1-100d-47cb-9810-512bbf0cc226 (record id: 019ab939-c5a4-747c-ade1-4369f7b5d262)
[2026-10-04 18:24:49] SKIPPED: Teach class not found for feeder id 63565710-fc59-4a7b-b5fc-17bf17d42df2 (record id: 019ab939-c6bd-77f0-ac6b-498f262f87cf)
[2026-10-04 18:24:49] SKIPPED: Teach class not found for feeder id fb29fc1f-cb2f-4312-aa1e-213d50df1426 (record id: 019ab939-c717-7e92-9b08-e57a51674ae2)
[2026-10-04 18:24:49] SKIPPED: Teach class not found for feeder id 040e7c52-0072-4817-8a2f-3dc52635c1af (record id: 019ab939-c745-7f0c-97cb-062a62d476ed)
[2026-10-04 18:24:49] SKIPPED: Teach class not found for feeder id 6adef5d6-b25b-4be7-a948-269bedea9b3f (record id: 019ab939-c76d-7912-9eb2-66660b43d470)
[2026-10-04 18:24:49] SKIPPED: Teach class not found for feeder id ce3d87dd-7d69-4ac3-9a83-7f28584fb80a (record id: 019ab939-c7f3-7712-8038-a13ea8125ac8)
[2026-10-04 18:24:49] SKIPPED: Teach class not found for feeder id ff8186e3-b49a-4db8-ad88-204ed2e8bf79 (record id: 019ab939-c87e-7a76-b61b-3224d655e9a0)
[2026-10-04 18:24:49] SKIPPED: Teach class not found for feeder id 9e4911a1-100d-47cb-9810-512bbf0cc226 (record id: 019ab939-c943-7a9a-a55c-64cf403f0005)
[2026-10-04 18:24:49] SKIPPED: Teach class not found for feeder id 63565710-fc59-4a7b-b5fc-17bf17d42df2 (record id: 019ab939-c959-7679-b31c-8192dd04a9e1)
[2026-10-04 18:24:49] SKIPPED: Teach class not found for feeder id fb29fc1f-cb2f-4312-aa1e-213d50df1426 (record id: 019ab939-c9c0-7d6a-9a69-61ae76cef3e5)
[2026-10-04 18:24:49] SKIPPED: Teach class not found for feeder id 6adef5d6-b25b-4be7-a948-269bedea9b3f (record id: 019ab939-cc97-799a-bc89-44c7d95b29c6)
[2026-10-04 18:24:50] SKIPPED: Teach class not found for feeder id ce3d87dd-7d69-4ac3-9a83-7f28584fb80a (record id: 019ab939-cda0-7b5a-a934-44b51e43efac)
[2026-10-04 18:24:50] SKIPPED: Teach class not found for feeder id fb29fc1f-cb2f-4312-aa1e-213d50df1426 (record id: 019ab939-ceba-7384-adac-587c676a0878)
[2026-10-04 18:24:50] SKIPPED: Teach class not found for feeder id fb29fc1f-cb2f-4312-aa1e-213d50df1426 (record id: 019ab939-cf08-7825-bc9b-e6d93396c094)
[2026-10-04 18:24:50] SKIPPED: Teach class not found for feeder id 9e4911a1-100d-47cb-9810-512bbf0cc226 (record id: 019ab939-cf62-7b31-a5da-54c57e78b505)
[2026-10-04 18:24:50] SKIPPED: Teach class not found for feeder id 63565710-fc59-4a7b-b5fc-17bf17d42df2 (record id: 019ab939-cf6e-7c3e-89bf-52ce730af74b)
[2026-10-04 18:24:50] SKIPPED: Teach class not found for feeder id 9e4911a1-100d-47cb-9810-512bbf0cc226 (record id: 019ab939-cfeb-771a-ae14-7ad3f0c61fde)
[2026-10-04 18:24:51] SKIPPED: Teach class not found for feeder id 63565710-fc59-4a7b-b5fc-17bf17d42df2 (record id: 019ab939-d06c-7ed8-a970-16ecb75184db)
[2026-10-04 18:24:51] SKIPPED: Teach class not found for feeder id 6adef5d6-b25b-4be7-a948-269bedea9b3f (record id: 019ab939-d176-7092-a4b3-a2032b349a7a)
[2026-10-04 18:24:51] SKIPPED: Teach class not found for feeder id ff8186e3-b49a-4db8-ad88-204ed2e8bf79 (record id: 019ab939-d18b-7aad-9e4e-4528a497b7d6)
[2026-10-04 18:24:51] SKIPPED: Teach class not found for feeder id ff8186e3-b49a-4db8-ad88-204ed2e8bf79 (record id: 019ab939-d1b7-7d7c-9128-05a0869f97e1)
[2026-10-04 18:24:51] SKIPPED: Teach class not found for feeder id 040e7c52-0072-4817-8a2f-3dc52635c1af (record id: 019ab939-d1d1-7513-8226-e6d5c4e97930)
[2026-10-04 18:24:51] SKIPPED: Teach class not found for feeder id ce3d87dd-7d69-4ac3-9a83-7f28584fb80a (record id: 019ab939-d340-7387-be2d-4a93787ce7f0)
[2026-10-04 18:24:51] SKIPPED: Teach class not found for feeder id 040e7c52-0072-4817-8a2f-3dc52635c1af (record id: 019ab939-d3a2-7f2f-afe4-69c09f1e42c8)
[2026-10-04 18:24:52] SKIPPED: Teach class not found for feeder id ce3d87dd-7d69-4ac3-9a83-7f28584fb80a (record id: 019ab939-d494-745f-aa09-946f88ac0c10)
[2026-10-04 18:24:52] SKIPPED: Teach class not found for feeder id 040e7c52-0072-4817-8a2f-3dc52635c1af (record id: 019ab939-d4bb-7888-bc6a-b76ebe16259b)
[2026-10-04 18:24:52] SKIPPED: Teach class not found for feeder id 6adef5d6-b25b-4be7-a948-269bedea9b3f (record id: 019ab939-d5c3-7b03-b48c-db52a5d8bcdf)
[2026-10-04 18:24:52] SKIPPED: Teach class not found for feeder id 9e4911a1-100d-47cb-9810-512bbf0cc226 (record id: 019ab939-d614-7164-986a-05915913251b)
[2026-10-04 18:24:52] SKIPPED: Teach class not found for feeder id ff8186e3-b49a-4db8-ad88-204ed2e8bf79 (record id: 019ab939-d69d-73ba-acea-afc5d96f5dd0)
[2026-10-04 18:24:52] SKIPPED: Teach class not found for feeder id fb29fc1f-cb2f-4312-aa1e-213d50df1426 (record id: 019ab939-d729-73c5-9c77-9e7466ab59ba)
[2026-10-04 18:24:53] SKIPPED: Teach class not found for feeder id 63565710-fc59-4a7b-b5fc-17bf17d42df2 (record id: 019ab939-d755-7f5d-92c7-24ff89f01f5a)
[2026-10-04 18:24:53] Summary: inserted: 8, updated: 1756, skipped: 42, errors: 0
