    Checking xsia_xarx v0.1.0 (/home/bendo01/Project/xsia_xarx/server)
error: HasMany requires an Entity generic argument
  --> src/models/building/master/rooms.rs:41:20
   |
41 |     pub schedules: HasMany<CampaignSchedulesEntity>,
   |                    ^^^^^^^^^^^^^^^^^^^^^^^^^^^^^^^^

error[E0433]: cannot find `users` in `auth`
  --> src/models/institution/reference/position_type.rs:21:45
   |
21 |     pub users: HasMany<crate::models::auth::users::Entity>,
   |                                             ^^^^^ could not find `users` in `auth`

error[E0433]: cannot find `user_position_type` in `super`
  --> src/models/institution/reference/position_type.rs:20:31
   |
20 |     #[sea_orm(has_many, via = "user_position_type")]
   |                               ^^^^^^^^^^^^^^^^^^^^ could not find `user_position_type` in `super`
   |
help: consider importing one of these enums
   |
 1 + use crate::models::academic::campaign::reference::attend_types::Relation;
   |
 1 + use crate::models::academic::campaign::reference::calendar_categories::Relation;
   |
 1 + use crate::models::academic::campaign::reference::encounter_categories::Relation;
   |
 1 + use crate::models::academic::campaign::reference::implementations::Relation;
   |
   = and 234 other candidates

error[E0433]: cannot find `user_position_type` in `super`
  --> src/models/institution/reference/position_type.rs:20:31
   |
20 |     #[sea_orm(has_many, via = "user_position_type")]
   |                               ^^^^^^^^^^^^^^^^^^^^ could not find `user_position_type` in `super`
   |
help: consider importing this module
   |
 1 + use crate::models::auth::user_position_type;
   |

warning: unused import: `salvo::oapi::OpenApi`
 --> src/controllers/person/master/mod.rs:1:5
  |
1 | use salvo::oapi::OpenApi;
  |     ^^^^^^^^^^^^^^^^^^^^
  |
  = note: `#[warn(unused_imports)]` (part of `#[warn(unused)]`) on by default

warning: unused import: `salvo::oapi::swagger_ui::SwaggerUi`
 --> src/controllers/person/master/mod.rs:2:5
  |
2 | use salvo::oapi::swagger_ui::SwaggerUi;
  |     ^^^^^^^^^^^^^^^^^^^^^^^^^^^^^^^^^^

warning: unused import: `salvo::oapi::OpenApi`
 --> src/controllers/person/reference/mod.rs:1:5
  |
1 | use salvo::oapi::OpenApi;
  |     ^^^^^^^^^^^^^^^^^^^^

warning: unused import: `salvo::oapi::swagger_ui::SwaggerUi`
 --> src/controllers/person/reference/mod.rs:2:5
  |
2 | use salvo::oapi::swagger_ui::SwaggerUi;
  |     ^^^^^^^^^^^^^^^^^^^^^^^^^^^^^^^^^^

warning: unused import: `crate::models::academic::campaign::transaction::schedules::Entity as CampaignSchedulesEntity`
 --> src/models/building/master/rooms.rs:5:5
  |
5 | use crate::models::academic::campaign::transaction::schedules::Entity as CampaignSchedulesEntity;
  |     ^^^^^^^^^^^^^^^^^^^^^^^^^^^^^^^^^^^^^^^^^^^^^^^^^^^^^^^^^^^^^^^^^^^^^^^^^^^^^^^^^^^^^^^^^^^^

warning: unused import: `crate::models::academic::student::final_assignment::transaction::schedules::Entity as FinalAssignmentSchedulesEntity`
 --> src/models/building/master/rooms.rs:6:5
  |
6 | use crate::models::academic::student::final_assignment::transaction::schedules::Entity as FinalAssignmentSchedulesEntity;
  |     ^^^^^^^^^^^^^^^^^^^^^^^^^^^^^^^^^^^^^^^^^^^^^^^^^^^^^^^^^^^^^^^^^^^^^^^^^^^^^^^^^^^^^^^^^^^^^^^^^^^^^^^^^^^^^^^^^^^^

error[E0119]: conflicting implementations of trait `academic::campaign::transaction::schedules::EntityLoaderWithParam` for type `(_, _)`
 --> src/models/academic/campaign/transaction/schedules.rs:5:1
  |
5 | #[sea_orm::model]
  | ^^^^^^^^^^^^^^^^^
  | |
  | first implementation here
  | conflicting implementation for `(_, _)`
  |
  = note: upstream crates may add a new impl of trait `sea_orm::Iden` for type `(_, _)` in future versions
  = note: upstream crates may add a new impl of trait `sea_orm::IdenStatic` for type `(_, _)` in future versions
  = note: upstream crates may add a new impl of trait `sea_orm::EntityName` for type `(_, _)` in future versions
  = note: upstream crates may add a new impl of trait `sea_orm::EntityTrait` for type `(_, _)` in future versions
  = note: this error originates in the derive macro `DeriveModelEx` (in Nightly builds, run with -Z macro-backtrace for more info)

error[E0119]: conflicting implementations of trait `academic::campaign::transaction::schedules::EntityLoaderWithParam` for type `EntityLoaderWithSelf<_, _>`
 --> src/models/academic/campaign/transaction/schedules.rs:5:1
  |
5 | #[sea_orm::model]
  | ^^^^^^^^^^^^^^^^^
  | |
  | first implementation here
  | conflicting implementation for `EntityLoaderWithSelf<_, _>`
  |
  = note: upstream crates may add a new impl of trait `std::default::Default` for type `sea_orm::compound::EntityLoaderWithSelf<_, _>` in future versions
  = note: upstream crates may add a new impl of trait `sea_orm::Iden` for type `sea_orm::compound::EntityLoaderWithSelf<_, _>` in future versions
  = note: upstream crates may add a new impl of trait `sea_orm::IdenStatic` for type `sea_orm::compound::EntityLoaderWithSelf<_, _>` in future versions
  = note: upstream crates may add a new impl of trait `sea_orm::EntityName` for type `sea_orm::compound::EntityLoaderWithSelf<_, _>` in future versions
  = note: upstream crates may add a new impl of trait `sea_orm::EntityTrait` for type `sea_orm::compound::EntityLoaderWithSelf<_, _>` in future versions
  = note: this error originates in the derive macro `DeriveModelEx` (in Nightly builds, run with -Z macro-backtrace for more info)

error[E0119]: conflicting implementations of trait `academic::campaign::transaction::schedules::EntityLoaderWithParam` for type `EntityLoaderWithSelfRev<_, _>`
 --> src/models/academic/campaign/transaction/schedules.rs:5:1
  |
5 | #[sea_orm::model]
  | ^^^^^^^^^^^^^^^^^
  | |
  | first implementation here
  | conflicting implementation for `EntityLoaderWithSelfRev<_, _>`
  |
  = note: upstream crates may add a new impl of trait `std::default::Default` for type `sea_orm::compound::EntityLoaderWithSelfRev<_, _>` in future versions
  = note: upstream crates may add a new impl of trait `sea_orm::Iden` for type `sea_orm::compound::EntityLoaderWithSelfRev<_, _>` in future versions
  = note: upstream crates may add a new impl of trait `sea_orm::IdenStatic` for type `sea_orm::compound::EntityLoaderWithSelfRev<_, _>` in future versions
  = note: upstream crates may add a new impl of trait `sea_orm::EntityName` for type `sea_orm::compound::EntityLoaderWithSelfRev<_, _>` in future versions
  = note: upstream crates may add a new impl of trait `sea_orm::EntityTrait` for type `sea_orm::compound::EntityLoaderWithSelfRev<_, _>` in future versions
  = note: this error originates in the derive macro `DeriveModelEx` (in Nightly builds, run with -Z macro-backtrace for more info)

error[E0119]: conflicting implementations of trait `final_assignment::transaction::schedules::EntityLoaderWithParam` for type `(_, _)`
 --> src/models/academic/student/final_assignment/transaction/schedules.rs:5:1
  |
5 | #[sea_orm::model]
  | ^^^^^^^^^^^^^^^^^
  | |
  | first implementation here
  | conflicting implementation for `(_, _)`
  |
  = note: upstream crates may add a new impl of trait `sea_orm::Iden` for type `(_, _)` in future versions
  = note: upstream crates may add a new impl of trait `sea_orm::IdenStatic` for type `(_, _)` in future versions
  = note: upstream crates may add a new impl of trait `sea_orm::EntityName` for type `(_, _)` in future versions
  = note: upstream crates may add a new impl of trait `sea_orm::EntityTrait` for type `(_, _)` in future versions
  = note: this error originates in the derive macro `DeriveModelEx` (in Nightly builds, run with -Z macro-backtrace for more info)

error[E0119]: conflicting implementations of trait `final_assignment::transaction::schedules::EntityLoaderWithParam` for type `EntityLoaderWithSelf<_, _>`
 --> src/models/academic/student/final_assignment/transaction/schedules.rs:5:1
  |
5 | #[sea_orm::model]
  | ^^^^^^^^^^^^^^^^^
  | |
  | first implementation here
  | conflicting implementation for `EntityLoaderWithSelf<_, _>`
  |
  = note: upstream crates may add a new impl of trait `std::default::Default` for type `sea_orm::compound::EntityLoaderWithSelf<_, _>` in future versions
  = note: upstream crates may add a new impl of trait `sea_orm::Iden` for type `sea_orm::compound::EntityLoaderWithSelf<_, _>` in future versions
  = note: upstream crates may add a new impl of trait `sea_orm::IdenStatic` for type `sea_orm::compound::EntityLoaderWithSelf<_, _>` in future versions
  = note: upstream crates may add a new impl of trait `sea_orm::EntityName` for type `sea_orm::compound::EntityLoaderWithSelf<_, _>` in future versions
  = note: upstream crates may add a new impl of trait `sea_orm::EntityTrait` for type `sea_orm::compound::EntityLoaderWithSelf<_, _>` in future versions
  = note: this error originates in the derive macro `DeriveModelEx` (in Nightly builds, run with -Z macro-backtrace for more info)

error[E0119]: conflicting implementations of trait `final_assignment::transaction::schedules::EntityLoaderWithParam` for type `EntityLoaderWithSelfRev<_, _>`
 --> src/models/academic/student/final_assignment/transaction/schedules.rs:5:1
  |
5 | #[sea_orm::model]
  | ^^^^^^^^^^^^^^^^^
  | |
  | first implementation here
  | conflicting implementation for `EntityLoaderWithSelfRev<_, _>`
  |
  = note: upstream crates may add a new impl of trait `std::default::Default` for type `sea_orm::compound::EntityLoaderWithSelfRev<_, _>` in future versions
  = note: upstream crates may add a new impl of trait `sea_orm::Iden` for type `sea_orm::compound::EntityLoaderWithSelfRev<_, _>` in future versions
  = note: upstream crates may add a new impl of trait `sea_orm::IdenStatic` for type `sea_orm::compound::EntityLoaderWithSelfRev<_, _>` in future versions
  = note: upstream crates may add a new impl of trait `sea_orm::EntityName` for type `sea_orm::compound::EntityLoaderWithSelfRev<_, _>` in future versions
  = note: upstream crates may add a new impl of trait `sea_orm::EntityTrait` for type `sea_orm::compound::EntityLoaderWithSelfRev<_, _>` in future versions
  = note: this error originates in the derive macro `DeriveModelEx` (in Nightly builds, run with -Z macro-backtrace for more info)

error[E0119]: conflicting implementations of trait `buildings::EntityLoaderWithParam` for type `(_, _)`
 --> src/models/building/master/buildings.rs:5:1
  |
5 | #[sea_orm::model]
  | ^^^^^^^^^^^^^^^^^
  | |
  | first implementation here
  | conflicting implementation for `(_, _)`
  |
  = note: upstream crates may add a new impl of trait `sea_orm::Iden` for type `(_, _)` in future versions
  = note: upstream crates may add a new impl of trait `sea_orm::IdenStatic` for type `(_, _)` in future versions
  = note: upstream crates may add a new impl of trait `sea_orm::EntityName` for type `(_, _)` in future versions
  = note: upstream crates may add a new impl of trait `sea_orm::EntityTrait` for type `(_, _)` in future versions
  = note: this error originates in the derive macro `DeriveModelEx` (in Nightly builds, run with -Z macro-backtrace for more info)

error[E0119]: conflicting implementations of trait `buildings::EntityLoaderWithParam` for type `EntityLoaderWithSelf<_, _>`
 --> src/models/building/master/buildings.rs:5:1
  |
5 | #[sea_orm::model]
  | ^^^^^^^^^^^^^^^^^
  | |
  | first implementation here
  | conflicting implementation for `EntityLoaderWithSelf<_, _>`
  |
  = note: upstream crates may add a new impl of trait `std::default::Default` for type `sea_orm::compound::EntityLoaderWithSelf<_, _>` in future versions
  = note: upstream crates may add a new impl of trait `sea_orm::Iden` for type `sea_orm::compound::EntityLoaderWithSelf<_, _>` in future versions
  = note: upstream crates may add a new impl of trait `sea_orm::IdenStatic` for type `sea_orm::compound::EntityLoaderWithSelf<_, _>` in future versions
  = note: upstream crates may add a new impl of trait `sea_orm::EntityName` for type `sea_orm::compound::EntityLoaderWithSelf<_, _>` in future versions
  = note: upstream crates may add a new impl of trait `sea_orm::EntityTrait` for type `sea_orm::compound::EntityLoaderWithSelf<_, _>` in future versions
  = note: this error originates in the derive macro `DeriveModelEx` (in Nightly builds, run with -Z macro-backtrace for more info)

error[E0119]: conflicting implementations of trait `buildings::EntityLoaderWithParam` for type `EntityLoaderWithSelfRev<_, _>`
 --> src/models/building/master/buildings.rs:5:1
  |
5 | #[sea_orm::model]
  | ^^^^^^^^^^^^^^^^^
  | |
  | first implementation here
  | conflicting implementation for `EntityLoaderWithSelfRev<_, _>`
  |
  = note: upstream crates may add a new impl of trait `std::default::Default` for type `sea_orm::compound::EntityLoaderWithSelfRev<_, _>` in future versions
  = note: upstream crates may add a new impl of trait `sea_orm::Iden` for type `sea_orm::compound::EntityLoaderWithSelfRev<_, _>` in future versions
  = note: upstream crates may add a new impl of trait `sea_orm::IdenStatic` for type `sea_orm::compound::EntityLoaderWithSelfRev<_, _>` in future versions
  = note: upstream crates may add a new impl of trait `sea_orm::EntityName` for type `sea_orm::compound::EntityLoaderWithSelfRev<_, _>` in future versions
  = note: upstream crates may add a new impl of trait `sea_orm::EntityTrait` for type `sea_orm::compound::EntityLoaderWithSelfRev<_, _>` in future versions
  = note: this error originates in the derive macro `DeriveModelEx` (in Nightly builds, run with -Z macro-backtrace for more info)

error[E0119]: conflicting implementations of trait `conditions::EntityLoaderWithParam` for type `(_, _)`
 --> src/models/building/reference/conditions.rs:5:1
  |
5 | #[sea_orm::model]
  | ^^^^^^^^^^^^^^^^^
  | |
  | first implementation here
  | conflicting implementation for `(_, _)`
  |
  = note: upstream crates may add a new impl of trait `sea_orm::Iden` for type `(_, _)` in future versions
  = note: upstream crates may add a new impl of trait `sea_orm::IdenStatic` for type `(_, _)` in future versions
  = note: upstream crates may add a new impl of trait `sea_orm::EntityName` for type `(_, _)` in future versions
  = note: upstream crates may add a new impl of trait `sea_orm::EntityTrait` for type `(_, _)` in future versions
  = note: this error originates in the derive macro `DeriveModelEx` (in Nightly builds, run with -Z macro-backtrace for more info)

error[E0119]: conflicting implementations of trait `conditions::EntityLoaderWithParam` for type `EntityLoaderWithSelf<_, _>`
 --> src/models/building/reference/conditions.rs:5:1
  |
5 | #[sea_orm::model]
  | ^^^^^^^^^^^^^^^^^
  | |
  | first implementation here
  | conflicting implementation for `EntityLoaderWithSelf<_, _>`
  |
  = note: upstream crates may add a new impl of trait `std::default::Default` for type `sea_orm::compound::EntityLoaderWithSelf<_, _>` in future versions
  = note: upstream crates may add a new impl of trait `sea_orm::Iden` for type `sea_orm::compound::EntityLoaderWithSelf<_, _>` in future versions
  = note: upstream crates may add a new impl of trait `sea_orm::IdenStatic` for type `sea_orm::compound::EntityLoaderWithSelf<_, _>` in future versions
  = note: upstream crates may add a new impl of trait `sea_orm::EntityName` for type `sea_orm::compound::EntityLoaderWithSelf<_, _>` in future versions
  = note: upstream crates may add a new impl of trait `sea_orm::EntityTrait` for type `sea_orm::compound::EntityLoaderWithSelf<_, _>` in future versions
  = note: this error originates in the derive macro `DeriveModelEx` (in Nightly builds, run with -Z macro-backtrace for more info)

error[E0119]: conflicting implementations of trait `conditions::EntityLoaderWithParam` for type `EntityLoaderWithSelfRev<_, _>`
 --> src/models/building/reference/conditions.rs:5:1
  |
5 | #[sea_orm::model]
  | ^^^^^^^^^^^^^^^^^
  | |
  | first implementation here
  | conflicting implementation for `EntityLoaderWithSelfRev<_, _>`
  |
  = note: upstream crates may add a new impl of trait `std::default::Default` for type `sea_orm::compound::EntityLoaderWithSelfRev<_, _>` in future versions
  = note: upstream crates may add a new impl of trait `sea_orm::Iden` for type `sea_orm::compound::EntityLoaderWithSelfRev<_, _>` in future versions
  = note: upstream crates may add a new impl of trait `sea_orm::IdenStatic` for type `sea_orm::compound::EntityLoaderWithSelfRev<_, _>` in future versions
  = note: upstream crates may add a new impl of trait `sea_orm::EntityName` for type `sea_orm::compound::EntityLoaderWithSelfRev<_, _>` in future versions
  = note: upstream crates may add a new impl of trait `sea_orm::EntityTrait` for type `sea_orm::compound::EntityLoaderWithSelfRev<_, _>` in future versions
  = note: this error originates in the derive macro `DeriveModelEx` (in Nightly builds, run with -Z macro-backtrace for more info)

error[E0119]: conflicting implementations of trait `room_types::EntityLoaderWithParam` for type `(_, _)`
 --> src/models/building/reference/room_types.rs:5:1
  |
5 | #[sea_orm::model]
  | ^^^^^^^^^^^^^^^^^
  | |
  | first implementation here
  | conflicting implementation for `(_, _)`
  |
  = note: upstream crates may add a new impl of trait `sea_orm::Iden` for type `(_, _)` in future versions
  = note: upstream crates may add a new impl of trait `sea_orm::IdenStatic` for type `(_, _)` in future versions
  = note: upstream crates may add a new impl of trait `sea_orm::EntityName` for type `(_, _)` in future versions
  = note: upstream crates may add a new impl of trait `sea_orm::EntityTrait` for type `(_, _)` in future versions
  = note: this error originates in the derive macro `DeriveModelEx` (in Nightly builds, run with -Z macro-backtrace for more info)

error[E0119]: conflicting implementations of trait `room_types::EntityLoaderWithParam` for type `EntityLoaderWithSelf<_, _>`
 --> src/models/building/reference/room_types.rs:5:1
  |
5 | #[sea_orm::model]
  | ^^^^^^^^^^^^^^^^^
  | |
  | first implementation here
  | conflicting implementation for `EntityLoaderWithSelf<_, _>`
  |
  = note: upstream crates may add a new impl of trait `std::default::Default` for type `sea_orm::compound::EntityLoaderWithSelf<_, _>` in future versions
  = note: upstream crates may add a new impl of trait `sea_orm::Iden` for type `sea_orm::compound::EntityLoaderWithSelf<_, _>` in future versions
  = note: upstream crates may add a new impl of trait `sea_orm::IdenStatic` for type `sea_orm::compound::EntityLoaderWithSelf<_, _>` in future versions
  = note: upstream crates may add a new impl of trait `sea_orm::EntityName` for type `sea_orm::compound::EntityLoaderWithSelf<_, _>` in future versions
  = note: upstream crates may add a new impl of trait `sea_orm::EntityTrait` for type `sea_orm::compound::EntityLoaderWithSelf<_, _>` in future versions
  = note: this error originates in the derive macro `DeriveModelEx` (in Nightly builds, run with -Z macro-backtrace for more info)

error[E0119]: conflicting implementations of trait `room_types::EntityLoaderWithParam` for type `EntityLoaderWithSelfRev<_, _>`
 --> src/models/building/reference/room_types.rs:5:1
  |
5 | #[sea_orm::model]
  | ^^^^^^^^^^^^^^^^^
  | |
  | first implementation here
  | conflicting implementation for `EntityLoaderWithSelfRev<_, _>`
  |
  = note: upstream crates may add a new impl of trait `std::default::Default` for type `sea_orm::compound::EntityLoaderWithSelfRev<_, _>` in future versions
  = note: upstream crates may add a new impl of trait `sea_orm::Iden` for type `sea_orm::compound::EntityLoaderWithSelfRev<_, _>` in future versions
  = note: upstream crates may add a new impl of trait `sea_orm::IdenStatic` for type `sea_orm::compound::EntityLoaderWithSelfRev<_, _>` in future versions
  = note: upstream crates may add a new impl of trait `sea_orm::EntityName` for type `sea_orm::compound::EntityLoaderWithSelfRev<_, _>` in future versions
  = note: upstream crates may add a new impl of trait `sea_orm::EntityTrait` for type `sea_orm::compound::EntityLoaderWithSelfRev<_, _>` in future versions
  = note: this error originates in the derive macro `DeriveModelEx` (in Nightly builds, run with -Z macro-backtrace for more info)

error[E0119]: conflicting implementations of trait `units::EntityLoaderWithParam` for type `(_, _)`
 --> src/models/institution/master/units.rs:5:1
  |
5 | #[sea_orm::model]
  | ^^^^^^^^^^^^^^^^^
  | |
  | first implementation here
  | conflicting implementation for `(_, _)`
  |
  = note: upstream crates may add a new impl of trait `sea_orm::Iden` for type `(_, _)` in future versions
  = note: upstream crates may add a new impl of trait `sea_orm::IdenStatic` for type `(_, _)` in future versions
  = note: upstream crates may add a new impl of trait `sea_orm::EntityName` for type `(_, _)` in future versions
  = note: upstream crates may add a new impl of trait `sea_orm::EntityTrait` for type `(_, _)` in future versions
  = note: this error originates in the derive macro `DeriveModelEx` (in Nightly builds, run with -Z macro-backtrace for more info)

error[E0119]: conflicting implementations of trait `units::EntityLoaderWithParam` for type `EntityLoaderWithSelf<_, _>`
 --> src/models/institution/master/units.rs:5:1
  |
5 | #[sea_orm::model]
  | ^^^^^^^^^^^^^^^^^
  | |
  | first implementation here
  | conflicting implementation for `EntityLoaderWithSelf<_, _>`
  |
  = note: upstream crates may add a new impl of trait `std::default::Default` for type `sea_orm::compound::EntityLoaderWithSelf<_, _>` in future versions
  = note: upstream crates may add a new impl of trait `sea_orm::Iden` for type `sea_orm::compound::EntityLoaderWithSelf<_, _>` in future versions
  = note: upstream crates may add a new impl of trait `sea_orm::IdenStatic` for type `sea_orm::compound::EntityLoaderWithSelf<_, _>` in future versions
  = note: upstream crates may add a new impl of trait `sea_orm::EntityName` for type `sea_orm::compound::EntityLoaderWithSelf<_, _>` in future versions
  = note: upstream crates may add a new impl of trait `sea_orm::EntityTrait` for type `sea_orm::compound::EntityLoaderWithSelf<_, _>` in future versions
  = note: this error originates in the derive macro `DeriveModelEx` (in Nightly builds, run with -Z macro-backtrace for more info)

error[E0119]: conflicting implementations of trait `units::EntityLoaderWithParam` for type `EntityLoaderWithSelfRev<_, _>`
 --> src/models/institution/master/units.rs:5:1
  |
5 | #[sea_orm::model]
  | ^^^^^^^^^^^^^^^^^
  | |
  | first implementation here
  | conflicting implementation for `EntityLoaderWithSelfRev<_, _>`
  |
  = note: upstream crates may add a new impl of trait `std::default::Default` for type `sea_orm::compound::EntityLoaderWithSelfRev<_, _>` in future versions
  = note: upstream crates may add a new impl of trait `sea_orm::Iden` for type `sea_orm::compound::EntityLoaderWithSelfRev<_, _>` in future versions
  = note: upstream crates may add a new impl of trait `sea_orm::IdenStatic` for type `sea_orm::compound::EntityLoaderWithSelfRev<_, _>` in future versions
  = note: upstream crates may add a new impl of trait `sea_orm::EntityName` for type `sea_orm::compound::EntityLoaderWithSelfRev<_, _>` in future versions
  = note: upstream crates may add a new impl of trait `sea_orm::EntityTrait` for type `sea_orm::compound::EntityLoaderWithSelfRev<_, _>` in future versions
  = note: this error originates in the derive macro `DeriveModelEx` (in Nightly builds, run with -Z macro-backtrace for more info)

error[E0119]: conflicting implementations of trait `position_type::EntityLoaderWithParam` for type `(_, _)`
 --> src/models/institution/reference/position_type.rs:3:1
  |
3 | #[sea_orm::model]
  | ^^^^^^^^^^^^^^^^^
  | |
  | first implementation here
  | conflicting implementation for `(_, _)`
  |
  = note: upstream crates may add a new impl of trait `sea_orm::Iden` for type `(_, _)` in future versions
  = note: upstream crates may add a new impl of trait `sea_orm::IdenStatic` for type `(_, _)` in future versions
  = note: upstream crates may add a new impl of trait `sea_orm::EntityName` for type `(_, _)` in future versions
  = note: upstream crates may add a new impl of trait `sea_orm::EntityTrait` for type `(_, _)` in future versions
  = note: this error originates in the derive macro `DeriveModelEx` (in Nightly builds, run with -Z macro-backtrace for more info)

error[E0119]: conflicting implementations of trait `position_type::EntityLoaderWithParam` for type `EntityLoaderWithSelf<_, _>`
 --> src/models/institution/reference/position_type.rs:3:1
  |
3 | #[sea_orm::model]
  | ^^^^^^^^^^^^^^^^^
  | |
  | first implementation here
  | conflicting implementation for `EntityLoaderWithSelf<_, _>`
  |
  = note: upstream crates may add a new impl of trait `std::default::Default` for type `sea_orm::compound::EntityLoaderWithSelf<_, _>` in future versions
  = note: upstream crates may add a new impl of trait `sea_orm::Iden` for type `sea_orm::compound::EntityLoaderWithSelf<_, _>` in future versions
  = note: upstream crates may add a new impl of trait `sea_orm::IdenStatic` for type `sea_orm::compound::EntityLoaderWithSelf<_, _>` in future versions
  = note: upstream crates may add a new impl of trait `sea_orm::EntityName` for type `sea_orm::compound::EntityLoaderWithSelf<_, _>` in future versions
  = note: upstream crates may add a new impl of trait `sea_orm::EntityTrait` for type `sea_orm::compound::EntityLoaderWithSelf<_, _>` in future versions
  = note: this error originates in the derive macro `DeriveModelEx` (in Nightly builds, run with -Z macro-backtrace for more info)

error[E0119]: conflicting implementations of trait `position_type::EntityLoaderWithParam` for type `EntityLoaderWithSelfRev<_, _>`
 --> src/models/institution/reference/position_type.rs:3:1
  |
3 | #[sea_orm::model]
  | ^^^^^^^^^^^^^^^^^
  | |
  | first implementation here
  | conflicting implementation for `EntityLoaderWithSelfRev<_, _>`
  |
  = note: upstream crates may add a new impl of trait `std::default::Default` for type `sea_orm::compound::EntityLoaderWithSelfRev<_, _>` in future versions
  = note: upstream crates may add a new impl of trait `sea_orm::Iden` for type `sea_orm::compound::EntityLoaderWithSelfRev<_, _>` in future versions
  = note: upstream crates may add a new impl of trait `sea_orm::IdenStatic` for type `sea_orm::compound::EntityLoaderWithSelfRev<_, _>` in future versions
  = note: upstream crates may add a new impl of trait `sea_orm::EntityName` for type `sea_orm::compound::EntityLoaderWithSelfRev<_, _>` in future versions
  = note: upstream crates may add a new impl of trait `sea_orm::EntityTrait` for type `sea_orm::compound::EntityLoaderWithSelfRev<_, _>` in future versions
  = note: this error originates in the derive macro `DeriveModelEx` (in Nightly builds, run with -Z macro-backtrace for more info)

error[E0599]: the method `load_many_ex` exists for reference `&[calendar_categories::ModelEx]`, but its trait bounds were not satisfied
   --> src/models/academic/campaign/reference/calendar_categories.rs:5:1
    |
  5 |   #[sea_orm::model]
    |   ^^^^^^^^^^^^^^^^^
...
 11 | / pub struct Model {
 12 | |     #[sea_orm(primary_key, auto_increment = false)]
 13 | |     pub id: Uuid,
 14 | |     pub code: i32,
...   |
 24 | |     pub calendar_details: HasMany<crate::models::academic::campaign::transaction::calendar_details::Entity>,
 25 | | }
    | |_- doesn't satisfy `calendar_categories::ModelEx: Sync`
    |
    = note: the following trait bounds were not satisfied:
            `calendar_categories::ModelEx: Sync`
            which is required by `&[calendar_categories::ModelEx]: sea_orm::LoaderTraitEx`
note: the trait `Sync` must be implemented
   --> /home/bendo01/.rustup/toolchains/stable-x86_64-unknown-linux-gnu/lib/rustlib/src/rust/library/core/src/marker.rs:657:1
    |
657 | pub unsafe auto trait Sync {
    | ^^^^^^^^^^^^^^^^^^^^^^^^^^
    = note: this error originates in the derive macro `DeriveModelEx` (in Nightly builds, run with -Z macro-backtrace for more info)

error[E0599]: no method named `load_many_ex` found for reference `&[std::option::Option<calendar_categories::ModelEx>]` in the current scope
 --> src/models/academic/campaign/reference/calendar_categories.rs:5:1
  |
5 | #[sea_orm::model]
  | ^^^^^^^^^^^^^^^^^
  |
  = note: this error originates in the derive macro `DeriveModelEx` (in Nightly builds, run with -Z macro-backtrace for more info)

error[E0599]: the method `load_many_ex` exists for reference `&[Vec<calendar_categories::ModelEx>]`, but its trait bounds were not satisfied
   --> src/models/academic/campaign/reference/calendar_categories.rs:5:1
    |
  5 |   #[sea_orm::model]
    |   ^^^^^^^^^^^^^^^^^
...
 11 | / pub struct Model {
 12 | |     #[sea_orm(primary_key, auto_increment = false)]
 13 | |     pub id: Uuid,
 14 | |     pub code: i32,
...   |
 24 | |     pub calendar_details: HasMany<crate::models::academic::campaign::transaction::calendar_details::Entity>,
 25 | | }
    | |_- doesn't satisfy `calendar_categories::ModelEx: Sync`
    |
    = note: the following trait bounds were not satisfied:
            `calendar_categories::ModelEx: Sync`
            which is required by `&[Vec<calendar_categories::ModelEx>]: sea_orm::NestedLoaderTrait`
note: the trait `Sync` must be implemented
   --> /home/bendo01/.rustup/toolchains/stable-x86_64-unknown-linux-gnu/lib/rustlib/src/rust/library/core/src/marker.rs:657:1
    |
657 | pub unsafe auto trait Sync {
    | ^^^^^^^^^^^^^^^^^^^^^^^^^^
    = note: this error originates in the derive macro `DeriveModelEx` (in Nightly builds, run with -Z macro-backtrace for more info)

error[E0599]: the method `load_many_ex` exists for reference `&[encounter_categories::ModelEx]`, but its trait bounds were not satisfied
   --> src/models/academic/campaign/reference/encounter_categories.rs:5:1
    |
  5 |   #[sea_orm::model]
    |   ^^^^^^^^^^^^^^^^^
...
 11 | / pub struct Model {
 12 | |     #[sea_orm(primary_key, auto_increment = false)]
 13 | |     pub id: Uuid,
 14 | |     pub code: i32,
...   |
 24 | |     pub teaches: HasMany<crate::models::academic::campaign::transaction::teaches::Entity>,
 25 | | }
    | |_- doesn't satisfy `encounter_categories::ModelEx: Sync`
    |
    = note: the following trait bounds were not satisfied:
            `encounter_categories::ModelEx: Sync`
            which is required by `&[encounter_categories::ModelEx]: sea_orm::LoaderTraitEx`
note: the trait `Sync` must be implemented
   --> /home/bendo01/.rustup/toolchains/stable-x86_64-unknown-linux-gnu/lib/rustlib/src/rust/library/core/src/marker.rs:657:1
    |
657 | pub unsafe auto trait Sync {
    | ^^^^^^^^^^^^^^^^^^^^^^^^^^
    = note: this error originates in the derive macro `DeriveModelEx` (in Nightly builds, run with -Z macro-backtrace for more info)

error[E0599]: no method named `load_many_ex` found for reference `&[std::option::Option<encounter_categories::ModelEx>]` in the current scope
 --> src/models/academic/campaign/reference/encounter_categories.rs:5:1
  |
5 | #[sea_orm::model]
  | ^^^^^^^^^^^^^^^^^
  |
  = note: this error originates in the derive macro `DeriveModelEx` (in Nightly builds, run with -Z macro-backtrace for more info)

error[E0599]: the method `load_many_ex` exists for reference `&[Vec<encounter_categories::ModelEx>]`, but its trait bounds were not satisfied
   --> src/models/academic/campaign/reference/encounter_categories.rs:5:1
    |
  5 |   #[sea_orm::model]
    |   ^^^^^^^^^^^^^^^^^
...
 11 | / pub struct Model {
 12 | |     #[sea_orm(primary_key, auto_increment = false)]
 13 | |     pub id: Uuid,
 14 | |     pub code: i32,
...   |
 24 | |     pub teaches: HasMany<crate::models::academic::campaign::transaction::teaches::Entity>,
 25 | | }
    | |_- doesn't satisfy `encounter_categories::ModelEx: Sync`
    |
    = note: the following trait bounds were not satisfied:
            `encounter_categories::ModelEx: Sync`
            which is required by `&[Vec<encounter_categories::ModelEx>]: sea_orm::NestedLoaderTrait`
note: the trait `Sync` must be implemented
   --> /home/bendo01/.rustup/toolchains/stable-x86_64-unknown-linux-gnu/lib/rustlib/src/rust/library/core/src/marker.rs:657:1
    |
657 | pub unsafe auto trait Sync {
    | ^^^^^^^^^^^^^^^^^^^^^^^^^^
    = note: this error originates in the derive macro `DeriveModelEx` (in Nightly builds, run with -Z macro-backtrace for more info)

error[E0599]: the method `load_many_ex` exists for reference `&[scopes::ModelEx]`, but its trait bounds were not satisfied
   --> src/models/academic/campaign/reference/scopes.rs:5:1
    |
  5 |   #[sea_orm::model]
    |   ^^^^^^^^^^^^^^^^^
...
  8 | / pub struct Model {
  9 | |     #[sea_orm(primary_key, auto_increment = false)]
 10 | |     pub id: Uuid,
 11 | |     pub code: i32,
...   |
 21 | |     pub teaches: HasMany<crate::models::academic::campaign::transaction::teaches::Entity>,
 22 | | }
    | |_- doesn't satisfy `scopes::ModelEx: Sync`
    |
    = note: the following trait bounds were not satisfied:
            `scopes::ModelEx: Sync`
            which is required by `&[scopes::ModelEx]: sea_orm::LoaderTraitEx`
note: the trait `Sync` must be implemented
   --> /home/bendo01/.rustup/toolchains/stable-x86_64-unknown-linux-gnu/lib/rustlib/src/rust/library/core/src/marker.rs:657:1
    |
657 | pub unsafe auto trait Sync {
    | ^^^^^^^^^^^^^^^^^^^^^^^^^^
    = note: this error originates in the derive macro `DeriveModelEx` (in Nightly builds, run with -Z macro-backtrace for more info)

error[E0599]: no method named `load_many_ex` found for reference `&[std::option::Option<scopes::ModelEx>]` in the current scope
 --> src/models/academic/campaign/reference/scopes.rs:5:1
  |
5 | #[sea_orm::model]
  | ^^^^^^^^^^^^^^^^^
  |
  = note: this error originates in the derive macro `DeriveModelEx` (in Nightly builds, run with -Z macro-backtrace for more info)

error[E0599]: the method `load_many_ex` exists for reference `&[Vec<scopes::ModelEx>]`, but its trait bounds were not satisfied
   --> src/models/academic/campaign/reference/scopes.rs:5:1
    |
  5 |   #[sea_orm::model]
    |   ^^^^^^^^^^^^^^^^^
...
  8 | / pub struct Model {
  9 | |     #[sea_orm(primary_key, auto_increment = false)]
 10 | |     pub id: Uuid,
 11 | |     pub code: i32,
...   |
 21 | |     pub teaches: HasMany<crate::models::academic::campaign::transaction::teaches::Entity>,
 22 | | }
    | |_- doesn't satisfy `scopes::ModelEx: Sync`
    |
    = note: the following trait bounds were not satisfied:
            `scopes::ModelEx: Sync`
            which is required by `&[Vec<scopes::ModelEx>]: sea_orm::NestedLoaderTrait`
note: the trait `Sync` must be implemented
   --> /home/bendo01/.rustup/toolchains/stable-x86_64-unknown-linux-gnu/lib/rustlib/src/rust/library/core/src/marker.rs:657:1
    |
657 | pub unsafe auto trait Sync {
    | ^^^^^^^^^^^^^^^^^^^^^^^^^^
    = note: this error originates in the derive macro `DeriveModelEx` (in Nightly builds, run with -Z macro-backtrace for more info)

error[E0599]: the method `load_one_ex` exists for reference `&[activities::ModelEx]`, but its trait bounds were not satisfied
   --> src/models/academic/campaign/transaction/activities.rs:5:1
    |
  5 |   #[sea_orm::model]
    |   ^^^^^^^^^^^^^^^^^ method cannot be called on `&[activities::ModelEx]` due to unsatisfied trait bounds
...
 11 | / pub struct Model {
 12 | |     #[sea_orm(primary_key, auto_increment = false)]
 13 | |     pub id: Uuid,
 14 | |     pub name: String,
...   |
 49 | |     pub final_assignment_decrees: HasMany<crate::models::academic::student::final_assignment::transaction::final_assignment_decre...
 50 | | }
    | |_- doesn't satisfy `activities::ModelEx: Sync`
    |
    = note: the following trait bounds were not satisfied:
            `activities::ModelEx: Sync`
            which is required by `&[activities::ModelEx]: sea_orm::LoaderTraitEx`
note: the trait `Sync` must be implemented
   --> /home/bendo01/.rustup/toolchains/stable-x86_64-unknown-linux-gnu/lib/rustlib/src/rust/library/core/src/marker.rs:657:1
    |
657 | pub unsafe auto trait Sync {
    | ^^^^^^^^^^^^^^^^^^^^^^^^^^
    = note: this error originates in the derive macro `DeriveModelEx` (in Nightly builds, run with -Z macro-backtrace for more info)

error[E0599]: the method `load_many_ex` exists for reference `&[activities::ModelEx]`, but its trait bounds were not satisfied
   --> src/models/academic/campaign/transaction/activities.rs:5:1
    |
  5 |   #[sea_orm::model]
    |   ^^^^^^^^^^^^^^^^^
...
 11 | / pub struct Model {
 12 | |     #[sea_orm(primary_key, auto_increment = false)]
 13 | |     pub id: Uuid,
 14 | |     pub name: String,
...   |
 49 | |     pub final_assignment_decrees: HasMany<crate::models::academic::student::final_assignment::transaction::final_assignment_decre...
 50 | | }
    | |_- doesn't satisfy `activities::ModelEx: Sync`
    |
    = note: the following trait bounds were not satisfied:
            `activities::ModelEx: Sync`
            which is required by `&[activities::ModelEx]: sea_orm::LoaderTraitEx`
note: the trait `Sync` must be implemented
   --> /home/bendo01/.rustup/toolchains/stable-x86_64-unknown-linux-gnu/lib/rustlib/src/rust/library/core/src/marker.rs:657:1
    |
657 | pub unsafe auto trait Sync {
    | ^^^^^^^^^^^^^^^^^^^^^^^^^^
    = note: this error originates in the derive macro `DeriveModelEx` (in Nightly builds, run with -Z macro-backtrace for more info)

error[E0599]: no method named `load_one_ex` found for reference `&[std::option::Option<activities::ModelEx>]` in the current scope
 --> src/models/academic/campaign/transaction/activities.rs:5:1
  |
5 | #[sea_orm::model]
  | ^^^^^^^^^^^^^^^^^ method not found in `&[std::option::Option<activities::ModelEx>]`
  |
  = note: this error originates in the derive macro `DeriveModelEx` (in Nightly builds, run with -Z macro-backtrace for more info)

error[E0599]: no method named `load_many_ex` found for reference `&[std::option::Option<activities::ModelEx>]` in the current scope
 --> src/models/academic/campaign/transaction/activities.rs:5:1
  |
5 | #[sea_orm::model]
  | ^^^^^^^^^^^^^^^^^
  |
  = note: this error originates in the derive macro `DeriveModelEx` (in Nightly builds, run with -Z macro-backtrace for more info)

error[E0599]: the method `load_one_ex` exists for reference `&[Vec<activities::ModelEx>]`, but its trait bounds were not satisfied
   --> src/models/academic/campaign/transaction/activities.rs:5:1
    |
  5 |   #[sea_orm::model]
    |   ^^^^^^^^^^^^^^^^^ method cannot be called on `&[Vec<activities::ModelEx>]` due to unsatisfied trait bounds
...
 11 | / pub struct Model {
 12 | |     #[sea_orm(primary_key, auto_increment = false)]
 13 | |     pub id: Uuid,
 14 | |     pub name: String,
...   |
 49 | |     pub final_assignment_decrees: HasMany<crate::models::academic::student::final_assignment::transaction::final_assignment_decre...
 50 | | }
    | |_- doesn't satisfy `activities::ModelEx: Sync`
    |
    = note: the following trait bounds were not satisfied:
            `activities::ModelEx: Sync`
            which is required by `&[Vec<activities::ModelEx>]: sea_orm::NestedLoaderTrait`
note: the trait `Sync` must be implemented
   --> /home/bendo01/.rustup/toolchains/stable-x86_64-unknown-linux-gnu/lib/rustlib/src/rust/library/core/src/marker.rs:657:1
    |
657 | pub unsafe auto trait Sync {
    | ^^^^^^^^^^^^^^^^^^^^^^^^^^
    = note: this error originates in the derive macro `DeriveModelEx` (in Nightly builds, run with -Z macro-backtrace for more info)

error[E0599]: the method `load_many_ex` exists for reference `&[Vec<activities::ModelEx>]`, but its trait bounds were not satisfied
   --> src/models/academic/campaign/transaction/activities.rs:5:1
    |
  5 |   #[sea_orm::model]
    |   ^^^^^^^^^^^^^^^^^
...
 11 | / pub struct Model {
 12 | |     #[sea_orm(primary_key, auto_increment = false)]
 13 | |     pub id: Uuid,
 14 | |     pub name: String,
...   |
 49 | |     pub final_assignment_decrees: HasMany<crate::models::academic::student::final_assignment::transaction::final_assignment_decre...
 50 | | }
    | |_- doesn't satisfy `activities::ModelEx: Sync`
    |
    = note: the following trait bounds were not satisfied:
            `activities::ModelEx: Sync`
            which is required by `&[Vec<activities::ModelEx>]: sea_orm::NestedLoaderTrait`
note: the trait `Sync` must be implemented
   --> /home/bendo01/.rustup/toolchains/stable-x86_64-unknown-linux-gnu/lib/rustlib/src/rust/library/core/src/marker.rs:657:1
    |
657 | pub unsafe auto trait Sync {
    | ^^^^^^^^^^^^^^^^^^^^^^^^^^
    = note: this error originates in the derive macro `DeriveModelEx` (in Nightly builds, run with -Z macro-backtrace for more info)

error[E0599]: the method `load_one_ex` exists for reference `&[calendar_details::ModelEx]`, but its trait bounds were not satisfied
   --> src/models/academic/campaign/transaction/calendar_details.rs:5:1
    |
  5 |   #[sea_orm::model]
    |   ^^^^^^^^^^^^^^^^^ method cannot be called on `&[calendar_details::ModelEx]` due to unsatisfied trait bounds
...
 11 | / pub struct Model {
 12 | |     #[sea_orm(primary_key, auto_increment = false)]
 13 | |     pub id: Uuid,
 14 | |     pub name: String,
...   |
 28 | |     pub calendar: BelongsTo<crate::models::academic::campaign::transaction::calendars::Entity>,
 29 | | }
    | |_- doesn't satisfy `calendar_details::ModelEx: Sync`
    |
    = note: the following trait bounds were not satisfied:
            `calendar_details::ModelEx: Sync`
            which is required by `&[calendar_details::ModelEx]: sea_orm::LoaderTraitEx`
note: the trait `Sync` must be implemented
   --> /home/bendo01/.rustup/toolchains/stable-x86_64-unknown-linux-gnu/lib/rustlib/src/rust/library/core/src/marker.rs:657:1
    |
657 | pub unsafe auto trait Sync {
    | ^^^^^^^^^^^^^^^^^^^^^^^^^^
    = note: this error originates in the derive macro `DeriveModelEx` (in Nightly builds, run with -Z macro-backtrace for more info)

error[E0599]: no method named `load_one_ex` found for reference `&[std::option::Option<calendar_details::ModelEx>]` in the current scope
 --> src/models/academic/campaign/transaction/calendar_details.rs:5:1
  |
5 | #[sea_orm::model]
  | ^^^^^^^^^^^^^^^^^ method not found in `&[std::option::Option<calendar_details::ModelEx>]`
  |
  = note: this error originates in the derive macro `DeriveModelEx` (in Nightly builds, run with -Z macro-backtrace for more info)

error[E0599]: the method `load_one_ex` exists for reference `&[Vec<calendar_details::ModelEx>]`, but its trait bounds were not satisfied
   --> src/models/academic/campaign/transaction/calendar_details.rs:5:1
    |
  5 |   #[sea_orm::model]
    |   ^^^^^^^^^^^^^^^^^ method cannot be called on `&[Vec<calendar_details::ModelEx>]` due to unsatisfied trait bounds
...
 11 | / pub struct Model {
 12 | |     #[sea_orm(primary_key, auto_increment = false)]
 13 | |     pub id: Uuid,
 14 | |     pub name: String,
...   |
 28 | |     pub calendar: BelongsTo<crate::models::academic::campaign::transaction::calendars::Entity>,
 29 | | }
    | |_- doesn't satisfy `calendar_details::ModelEx: Sync`
    |
    = note: the following trait bounds were not satisfied:
            `calendar_details::ModelEx: Sync`
            which is required by `&[Vec<calendar_details::ModelEx>]: sea_orm::NestedLoaderTrait`
note: the trait `Sync` must be implemented
   --> /home/bendo01/.rustup/toolchains/stable-x86_64-unknown-linux-gnu/lib/rustlib/src/rust/library/core/src/marker.rs:657:1
    |
657 | pub unsafe auto trait Sync {
    | ^^^^^^^^^^^^^^^^^^^^^^^^^^
    = note: this error originates in the derive macro `DeriveModelEx` (in Nightly builds, run with -Z macro-backtrace for more info)

error[E0599]: the method `load_one_ex` exists for reference `&[calendars::ModelEx]`, but its trait bounds were not satisfied
   --> src/models/academic/campaign/transaction/calendars.rs:5:1
    |
  5 |   #[sea_orm::model]
    |   ^^^^^^^^^^^^^^^^^ method cannot be called on `&[calendars::ModelEx]` due to unsatisfied trait bounds
...
 11 | / pub struct Model {
 12 | |     #[sea_orm(primary_key, auto_increment = false)]
 13 | |     pub id: Uuid,
 14 | |     pub name: String,
...   |
 28 | |     pub calendar_details: HasMany<crate::models::academic::campaign::transaction::calendar_details::Entity>,
 29 | | }
    | |_- doesn't satisfy `calendars::ModelEx: Sync`
    |
    = note: the following trait bounds were not satisfied:
            `calendars::ModelEx: Sync`
            which is required by `&[calendars::ModelEx]: sea_orm::LoaderTraitEx`
note: the trait `Sync` must be implemented
   --> /home/bendo01/.rustup/toolchains/stable-x86_64-unknown-linux-gnu/lib/rustlib/src/rust/library/core/src/marker.rs:657:1
    |
657 | pub unsafe auto trait Sync {
    | ^^^^^^^^^^^^^^^^^^^^^^^^^^
    = note: this error originates in the derive macro `DeriveModelEx` (in Nightly builds, run with -Z macro-backtrace for more info)

error[E0599]: the method `load_many_ex` exists for reference `&[calendars::ModelEx]`, but its trait bounds were not satisfied
   --> src/models/academic/campaign/transaction/calendars.rs:5:1
    |
  5 |   #[sea_orm::model]
    |   ^^^^^^^^^^^^^^^^^
...
 11 | / pub struct Model {
 12 | |     #[sea_orm(primary_key, auto_increment = false)]
 13 | |     pub id: Uuid,
 14 | |     pub name: String,
...   |
 28 | |     pub calendar_details: HasMany<crate::models::academic::campaign::transaction::calendar_details::Entity>,
 29 | | }
    | |_- doesn't satisfy `calendars::ModelEx: Sync`
    |
    = note: the following trait bounds were not satisfied:
            `calendars::ModelEx: Sync`
            which is required by `&[calendars::ModelEx]: sea_orm::LoaderTraitEx`
note: the trait `Sync` must be implemented
   --> /home/bendo01/.rustup/toolchains/stable-x86_64-unknown-linux-gnu/lib/rustlib/src/rust/library/core/src/marker.rs:657:1
    |
657 | pub unsafe auto trait Sync {
    | ^^^^^^^^^^^^^^^^^^^^^^^^^^
    = note: this error originates in the derive macro `DeriveModelEx` (in Nightly builds, run with -Z macro-backtrace for more info)

error[E0599]: no method named `load_one_ex` found for reference `&[std::option::Option<calendars::ModelEx>]` in the current scope
 --> src/models/academic/campaign/transaction/calendars.rs:5:1
  |
5 | #[sea_orm::model]
  | ^^^^^^^^^^^^^^^^^ method not found in `&[std::option::Option<calendars::ModelEx>]`
  |
  = note: this error originates in the derive macro `DeriveModelEx` (in Nightly builds, run with -Z macro-backtrace for more info)

error[E0599]: no method named `load_many_ex` found for reference `&[std::option::Option<calendars::ModelEx>]` in the current scope
 --> src/models/academic/campaign/transaction/calendars.rs:5:1
  |
5 | #[sea_orm::model]
  | ^^^^^^^^^^^^^^^^^
  |
  = note: this error originates in the derive macro `DeriveModelEx` (in Nightly builds, run with -Z macro-backtrace for more info)

error[E0599]: the method `load_one_ex` exists for reference `&[Vec<calendars::ModelEx>]`, but its trait bounds were not satisfied
   --> src/models/academic/campaign/transaction/calendars.rs:5:1
    |
  5 |   #[sea_orm::model]
    |   ^^^^^^^^^^^^^^^^^ method cannot be called on `&[Vec<calendars::ModelEx>]` due to unsatisfied trait bounds
...
 11 | / pub struct Model {
 12 | |     #[sea_orm(primary_key, auto_increment = false)]
 13 | |     pub id: Uuid,
 14 | |     pub name: String,
...   |
 28 | |     pub calendar_details: HasMany<crate::models::academic::campaign::transaction::calendar_details::Entity>,
 29 | | }
    | |_- doesn't satisfy `calendars::ModelEx: Sync`
    |
    = note: the following trait bounds were not satisfied:
            `calendars::ModelEx: Sync`
            which is required by `&[Vec<calendars::ModelEx>]: sea_orm::NestedLoaderTrait`
note: the trait `Sync` must be implemented
   --> /home/bendo01/.rustup/toolchains/stable-x86_64-unknown-linux-gnu/lib/rustlib/src/rust/library/core/src/marker.rs:657:1
    |
657 | pub unsafe auto trait Sync {
    | ^^^^^^^^^^^^^^^^^^^^^^^^^^
    = note: this error originates in the derive macro `DeriveModelEx` (in Nightly builds, run with -Z macro-backtrace for more info)

error[E0599]: the method `load_many_ex` exists for reference `&[Vec<calendars::ModelEx>]`, but its trait bounds were not satisfied
   --> src/models/academic/campaign/transaction/calendars.rs:5:1
    |
  5 |   #[sea_orm::model]
    |   ^^^^^^^^^^^^^^^^^
...
 11 | / pub struct Model {
 12 | |     #[sea_orm(primary_key, auto_increment = false)]
 13 | |     pub id: Uuid,
 14 | |     pub name: String,
...   |
 28 | |     pub calendar_details: HasMany<crate::models::academic::campaign::transaction::calendar_details::Entity>,
 29 | | }
    | |_- doesn't satisfy `calendars::ModelEx: Sync`
    |
    = note: the following trait bounds were not satisfied:
            `calendars::ModelEx: Sync`
            which is required by `&[Vec<calendars::ModelEx>]: sea_orm::NestedLoaderTrait`
note: the trait `Sync` must be implemented
   --> /home/bendo01/.rustup/toolchains/stable-x86_64-unknown-linux-gnu/lib/rustlib/src/rust/library/core/src/marker.rs:657:1
    |
657 | pub unsafe auto trait Sync {
    | ^^^^^^^^^^^^^^^^^^^^^^^^^^
    = note: this error originates in the derive macro `DeriveModelEx` (in Nightly builds, run with -Z macro-backtrace for more info)

error[E0369]: binary operation `==` cannot be applied to type `sea_orm::prelude::BelongsTo<std::option::Option<stages::Entity>>`
   --> src/models/academic/student/final_assignment/reference/requirements.rs:5:1
    |
  5 | #[sea_orm::model]
    | ^^^^^^^^^^^^^^^^^
  6 | #[derive(Clone, Debug, PartialEq, Eq, DeriveEntityModel)]
    |                        --------- in this derive macro expansion
    |
note: `std::option::Option<stages::Entity>` does not implement `sea_orm::BelongsToCardinality`
   --> /home/bendo01/.rustup/toolchains/stable-x86_64-unknown-linux-gnu/lib/rustlib/src/rust/library/core/src/option.rs:597:1
    |
597 | pub enum Option<T> {
    | ^^^^^^^^^^^^^^^^^^ `std::option::Option<stages::Entity>` is defined in another crate

error[E0369]: binary operation `==` cannot be applied to type `sea_orm::ActiveBelongsTo<std::option::Option<stages::Entity>>`
   --> src/models/academic/student/final_assignment/reference/requirements.rs:5:1
    |
  5 | #[sea_orm::model]
    | ^^^^^^^^^^^^^^^^^
    |
note: `std::option::Option<stages::Entity>` does not implement `sea_orm::BelongsToCardinality`
   --> /home/bendo01/.rustup/toolchains/stable-x86_64-unknown-linux-gnu/lib/rustlib/src/rust/library/core/src/option.rs:597:1
    |
597 | pub enum Option<T> {
    | ^^^^^^^^^^^^^^^^^^ `std::option::Option<stages::Entity>` is defined in another crate

error[E0369]: binary operation `==` cannot be applied to type `sea_orm::prelude::BelongsTo<std::option::Option<stages::Entity>>`
   --> src/models/academic/student/final_assignment/transaction/submissions.rs:5:1
    |
  5 | #[sea_orm::model]
    | ^^^^^^^^^^^^^^^^^
  6 | #[derive(Clone, Debug, PartialEq, Eq, DeriveEntityModel)]
    |                        --------- in this derive macro expansion
    |
note: `std::option::Option<stages::Entity>` does not implement `sea_orm::BelongsToCardinality`
   --> /home/bendo01/.rustup/toolchains/stable-x86_64-unknown-linux-gnu/lib/rustlib/src/rust/library/core/src/option.rs:597:1
    |
597 | pub enum Option<T> {
    | ^^^^^^^^^^^^^^^^^^ `std::option::Option<stages::Entity>` is defined in another crate

error[E0369]: binary operation `==` cannot be applied to type `sea_orm::ActiveBelongsTo<std::option::Option<stages::Entity>>`
   --> src/models/academic/student/final_assignment/transaction/submissions.rs:5:1
    |
  5 | #[sea_orm::model]
    | ^^^^^^^^^^^^^^^^^
    |
note: `std::option::Option<stages::Entity>` does not implement `sea_orm::BelongsToCardinality`
   --> /home/bendo01/.rustup/toolchains/stable-x86_64-unknown-linux-gnu/lib/rustlib/src/rust/library/core/src/option.rs:597:1
    |
597 | pub enum Option<T> {
    | ^^^^^^^^^^^^^^^^^^ `std::option::Option<stages::Entity>` is defined in another crate

Some errors have detailed explanations: E0119, E0369, E0433, E0599.
For more information about an error, try `rustc --explain E0119`.
warning: `xsia_xarx` (lib) generated 6 warnings
error: could not compile `xsia_xarx` (lib) due to 53 previous errors; 6 warnings emitted
